=== A TAHUA RECTO ===
  ; LINE 1 [L→R]
  0x10 | TWIN     %r0
  0x0 | VSPACE   %r1
  0x14 | FRGATE   %r2
  0x20 | STAFF    %r3
  0x10 | TWIN     %r4
  0x6 | LINK     %r5
  0x10 | TWIN     %r6
  0x14 | FRGATE   %r7
  0x0 | VSPACE   %r8
  0x14 | FRGATE   %r9
  0x20 | STAFF    %r10
  0x10 | TWIN     %r11
  0x30 | CYCLE    %r12
  0x14 | FRGATE   %r13
  0x20 | STAFF    %r14
  0x1c | SPROUT   %r15
  0x6 | LINK     %r16
  0x10 | TWIN     %r17
  0x14 | FRGATE   %r18
  0x10 | TWIN     %r19
  0x0 | VSPACE   %r20
  ; LINE 2 [R→L]
  0x1c | SPROUT   %r21
  0x2c | ONE      %r22
  0x10 | TWIN     %r23
  0x20 | STAFF    %r24
  0x14 | FRGATE   %r25
  0x0 | VSPACE   %r26
  0x10 | TWIN     %r27
  0x24 | GATE     %r28
  0x14 | FRGATE   %r29
  0xb | STAND    %r30
  0x0 | VSPACE   %r31
  0x10 | TWIN     %r32
  0x20 | STAFF    %r33
  0x14 | FRGATE   %r34
  0x30 | CYCLE    %r35
  0x10 | TWIN     %r36
  0x20 | STAFF    %r37
  0x14 | FRGATE   %r38
  0x0 | VSPACE   %r39
  0x10 | TWIN     %r40
  0x20 | STAFF    %r41
  ; LINE 3 [L→R]
  0x10 | TWIN     %r42
  0x0 | VSPACE   %r43
  0x14 | FRGATE   %r44
  0x20 | STAFF    %r45
  0x10 | TWIN     %r46
  0x30 | CYCLE    %r47
  0x14 | FRGATE   %r48
  0x20 | STAFF    %r49
  0x10 | TWIN     %r50
  0x6 | LINK     %r51
  0x14 | FRGATE   %r52
  0x20 | STAFF    %r53
  0x10 | TWIN     %r54
  0x0 | VSPACE   %r55
  0x14 | FRGATE   %r56
  0x20 | STAFF    %r57
  0x10 | TWIN     %r58
  0x0 | VSPACE   %r59
  0x14 | FRGATE   %r60
  0x20 | STAFF    %r61
  ; LINE 4 [R→L]
  0x14 | FRGATE   %r62
  0x0 | VSPACE   %r63
  0x10 | TWIN     %r64
  0x24 | GATE     %r65
  0x14 | FRGATE   %r66
  0xb | STAND    %r67
  0x0 | VSPACE   %r68
  0x10 | TWIN     %r69
  0x20 | STAFF    %r70
  0x14 | FRGATE   %r71
  0x30 | CYCLE    %r72
  0x10 | TWIN     %r73
  0x20 | STAFF    %r74
  0x14 | FRGATE   %r75
  0x0 | VSPACE   %r76
  0x10 | TWIN     %r77
  0x14 | FRGATE   %r78
  0x10 | TWIN     %r79
  0x6 | LINK     %r80
  0x30 | CYCLE    %r81
  0x10 | TWIN     %r82
  ; LINE 5 [L→R]
  0x20 | STAFF    %r83
  0x10 | TWIN     %r84
  0x0 | VSPACE   %r85
  0x14 | FRGATE   %r86
  0x20 | STAFF    %r87
  0x10 | TWIN     %r88
  0x30 | CYCLE    %r89
  0x14 | FRGATE   %r90
  0x20 | STAFF    %r91
  0x10 | TWIN     %r92
  0x0 | VSPACE   %r93
  0x14 | FRGATE   %r94
  0x20 | STAFF    %r95
  0x1c | SPROUT   %r96
  0x6 | LINK     %r97
  0x10 | TWIN     %r98
  0x14 | FRGATE   %r99
  0x10 | TWIN     %r100
  0x0 | VSPACE   %r101
  0x14 | FRGATE   %r102
  0x20 | STAFF    %r103
  ; LINE 6 [R→L]
  0x20 | STAFF    %r104
  0x10 | TWIN     %r105
  0x30 | CYCLE    %r106
  0x10 | TWIN     %r107
  0x20 | STAFF    %r108
  0x14 | FRGATE   %r109
  0x6 | LINK     %r110
  0x10 | TWIN     %r111
  0x20 | STAFF    %r112
  0x14 | FRGATE   %r113
  0x0 | VSPACE   %r114
  0x10 | TWIN     %r115
  0x24 | GATE     %r116
  0x14 | FRGATE   %r117
  0xb | STAND    %r118
  0x0 | VSPACE   %r119
  0x10 | TWIN     %r120
  0x20 | STAFF    %r121
  0x14 | FRGATE   %r122
  0x30 | CYCLE    %r123
  0x10 | TWIN     %r124
  ; LINE 7 [L→R]
  0x10 | TWIN     %r125
  0x0 | VSPACE   %r126
  0x14 | FRGATE   %r127
  0x18 | FISH     %r128
  0x20 | STAFF    %r129
  0x10 | TWIN     %r130
  0x30 | CYCLE    %r131
  0x14 | FRGATE   %r132
  0x20 | STAFF    %r133
  0x10 | TWIN     %r134
  0x0 | VSPACE   %r135
  0x14 | FRGATE   %r136
  0x20 | STAFF    %r137
  0x10 | TWIN     %r138
  0x6 | LINK     %r139
  0x10 | TWIN     %r140
  0x14 | FRGATE   %r141
  0x10 | TWIN     %r142
  0x0 | VSPACE   %r143
  0x14 | FRGATE   %r144
  0x20 | STAFF    %r145
  ; LINE 8 [R→L]
  0x33 | END      %r146
  0x20 | STAFF    %r147
  0x10 | TWIN     %r148
  0x30 | CYCLE    %r149
  0x10 | TWIN     %r150
  0x20 | STAFF    %r151
  0x14 | FRGATE   %r152
  0x0 | VSPACE   %r153
  0x10 | TWIN     %r154
  0x20 | STAFF    %r155
  0x14 | FRGATE   %r156
  0x0 | VSPACE   %r157
  0x10 | TWIN     %r158
  0x24 | GATE     %r159
  0x14 | FRGATE   %r160
  0xb | STAND    %r161
  0x10 | TWIN     %r162
  0x20 | STAFF    %r163
  0x14 | FRGATE   %r164
  0x30 | CYCLE    %r165
  0x10 | TWIN     %r166
  -> 167 registers, 8 lines

=== B ARUKU KURENGA RECTO ===
  ; LINE 1 [L→R]
  0x10 | TWIN     %r0
  0x0 | VSPACE   %r1
  0x14 | FRGATE   %r2
  0x20 | STAFF    %r3
  0x10 | TWIN     %r4
  0x6 | LINK     %r5
  0x10 | TWIN     %r6
  0x14 | FRGATE   %r7
  0x0 | VSPACE   %r8
  0x14 | FRGATE   %r9
  0x20 | STAFF    %r10
  0x10 | TWIN     %r11
  0x30 | CYCLE    %r12
  0x14 | FRGATE   %r13
  0x20 | STAFF    %r14
  0x10 | TWIN     %r15
  0x0 | VSPACE   %r16
  0xb | STAND    %r17
  0x14 | FRGATE   %r18
  0x24 | GATE     %r19
  0x10 | TWIN     %r20
  ; LINE 2 [R→L]
  0x14 | FRGATE   %r21
  0x0 | VSPACE   %r22
  0x10 | TWIN     %r23
  0x14 | FRGATE   %r24
  0x10 | TWIN     %r25
  0x6 | LINK     %r26
  0x10 | TWIN     %r27
  0x20 | STAFF    %r28
  0x14 | FRGATE   %r29
  0x30 | CYCLE    %r30
  0x10 | TWIN     %r31
  0x20 | STAFF    %r32
  0x14 | FRGATE   %r33
  0x0 | VSPACE   %r34
  0x1c | SPROUT   %r35
  0x2c | ONE      %r36
  0x10 | TWIN     %r37
  0x20 | STAFF    %r38
  0x14 | FRGATE   %r39
  0x0 | VSPACE   %r40
  0x10 | TWIN     %r41
  ; LINE 3 [L→R]
  0x20 | STAFF    %r42
  0x10 | TWIN     %r43
  0x0 | VSPACE   %r44
  0x14 | FRGATE   %r45
  0x20 | STAFF    %r46
  0x10 | TWIN     %r47
  0x6 | LINK     %r48
  0x20 | STAFF    %r49
  0x30 | CYCLE    %r50
  0x14 | FRGATE   %r51
  0x20 | STAFF    %r52
  0x10 | TWIN     %r53
  0x0 | VSPACE   %r54
  0xb | STAND    %r55
  0x20 | STAFF    %r56
  0x10 | TWIN     %r57
  0x14 | FRGATE   %r58
  0x10 | TWIN     %r59
  0x0 | VSPACE   %r60
  0x14 | FRGATE   %r61
  0x20 | STAFF    %r62
  ; LINE 4 [R→L]
  0xb | STAND    %r63
  0x0 | VSPACE   %r64
  0x10 | TWIN     %r65
  0x1c | SPROUT   %r66
  0x20 | STAFF    %r67
  0x14 | FRGATE   %r68
  0x0 | VSPACE   %r69
  0x10 | TWIN     %r70
  0x24 | GATE     %r71
  0x20 | STAFF    %r72
  0x14 | FRGATE   %r73
  0x6 | LINK     %r74
  0x10 | TWIN     %r75
  0x20 | STAFF    %r76
  0x14 | FRGATE   %r77
  0x30 | CYCLE    %r78
  0x10 | TWIN     %r79
  0x20 | STAFF    %r80
  0x14 | FRGATE   %r81
  0x0 | VSPACE   %r82
  0x10 | TWIN     %r83
  ; LINE 5 [L→R]
  0x10 | TWIN     %r84
  0x30 | CYCLE    %r85
  0x14 | FRGATE   %r86
  0x20 | STAFF    %r87
  0x10 | TWIN     %r88
  0x0 | VSPACE   %r89
  0x14 | FRGATE   %r90
  0x18 | FISH     %r91
  0x20 | STAFF    %r92
  0x10 | TWIN     %r93
  0x30 | CYCLE    %r94
  0x14 | FRGATE   %r95
  0x20 | STAFF    %r96
  0x10 | TWIN     %r97
  0x0 | VSPACE   %r98
  0x14 | FRGATE   %r99
  0x20 | STAFF    %r100
  0x10 | TWIN     %r101
  0x6 | LINK     %r102
  0x10 | TWIN     %r103
  0x14 | FRGATE   %r104
  ; LINE 6 [R→L]
  0x10 | TWIN     %r105
  0x20 | STAFF    %r106
  0x14 | FRGATE   %r107
  0x0 | VSPACE   %r108
  0x10 | TWIN     %r109
  0x24 | GATE     %r110
  0x14 | FRGATE   %r111
  0xb | STAND    %r112
  0x10 | TWIN     %r113
  0x20 | STAFF    %r114
  0x14 | FRGATE   %r115
  0x30 | CYCLE    %r116
  0x10 | TWIN     %r117
  0x20 | STAFF    %r118
  0x14 | FRGATE   %r119
  0x0 | VSPACE   %r120
  0x10 | TWIN     %r121
  0x20 | STAFF    %r122
  0x14 | FRGATE   %r123
  0x0 | VSPACE   %r124
  0x10 | TWIN     %r125
  ; LINE 7 [L→R]
  0x10 | TWIN     %r126
  0x30 | CYCLE    %r127
  0x14 | FRGATE   %r128
  0x20 | STAFF    %r129
  0x10 | TWIN     %r130
  0x0 | VSPACE   %r131
  0x14 | FRGATE   %r132
  0x20 | STAFF    %r133
  0x10 | TWIN     %r134
  0x2c | ONE      %r135
  0x1c | SPROUT   %r136
  0x0 | VSPACE   %r137
  0x14 | FRGATE   %r138
  0x20 | STAFF    %r139
  0x10 | TWIN     %r140
  0x30 | CYCLE    %r141
  0x6 | LINK     %r142
  0x14 | FRGATE   %r143
  0x20 | STAFF    %r144
  0x10 | TWIN     %r145
  0x20 | STAFF    %r146
  ; LINE 8 [R→L]
  0x1c | SPROUT   %r147
  0x20 | STAFF    %r148
  0x14 | FRGATE   %r149
  0x0 | VSPACE   %r150
  0x10 | TWIN     %r151
  0x20 | STAFF    %r152
  0x14 | FRGATE   %r153
  0x30 | CYCLE    %r154
  0x10 | TWIN     %r155
  0x20 | STAFF    %r156
  0x14 | FRGATE   %r157
  0x0 | VSPACE   %r158
  0x10 | TWIN     %r159
  0x14 | FRGATE   %r160
  0x10 | TWIN     %r161
  0x6 | LINK     %r162
  0x10 | TWIN     %r163
  0x20 | STAFF    %r164
  0x14 | FRGATE   %r165
  0x0 | VSPACE   %r166
  0x10 | TWIN     %r167
  ; LINE 9 [L→R]
  0x10 | TWIN     %r168
  0x0 | VSPACE   %r169
  0x14 | FRGATE   %r170
  0x20 | STAFF    %r171
  0x10 | TWIN     %r172
  0x30 | CYCLE    %r173
  0x14 | FRGATE   %r174
  0x20 | STAFF    %r175
  0x10 | TWIN     %r176
  0x0 | VSPACE   %r177
  0xb | STAND    %r178
  0x14 | FRGATE   %r179
  0x24 | GATE     %r180
  0x10 | TWIN     %r181
  0x0 | VSPACE   %r182
  0x14 | FRGATE   %r183
  0x20 | STAFF    %r184
  0x10 | TWIN     %r185
  0x6 | LINK     %r186
  0x10 | TWIN     %r187
  0x14 | FRGATE   %r188
  ; LINE 10 [R→L]
  0x20 | STAFF    %r189
  0x10 | TWIN     %r190
  0x30 | CYCLE    %r191
  0x10 | TWIN     %r192
  0x20 | STAFF    %r193
  0x14 | FRGATE   %r194
  0x6 | LINK     %r195
  0x10 | TWIN     %r196
  0x20 | STAFF    %r197
  0x14 | FRGATE   %r198
  0x0 | VSPACE   %r199
  0x10 | TWIN     %r200
  0x20 | STAFF    %r201
  0x14 | FRGATE   %r202
  0xe | HAND     %r203
  0x30 | CYCLE    %r204
  0x10 | TWIN     %r205
  0x20 | STAFF    %r206
  0x14 | FRGATE   %r207
  0x0 | VSPACE   %r208
  0x10 | TWIN     %r209
  ; LINE 11 [L→R]
  0x10 | TWIN     %r210
  0x0 | VSPACE   %r211
  0x14 | FRGATE   %r212
  0x20 | STAFF    %r213
  0x10 | TWIN     %r214
  0x0 | VSPACE   %r215
  0x14 | FRGATE   %r216
  0x20 | STAFF    %r217
  0x10 | TWIN     %r218
  0x30 | CYCLE    %r219
  0x14 | FRGATE   %r220
  0x20 | STAFF    %r221
  0x10 | TWIN     %r222
  0x0 | VSPACE   %r223
  0x14 | FRGATE   %r224
  0x20 | STAFF    %r225
  0x10 | TWIN     %r226
  0x6 | LINK     %r227
  0x10 | TWIN     %r228
  0x14 | FRGATE   %r229
  0x10 | TWIN     %r230
  ; LINE 12 [R→L]
  0x33 | END      %r231
  0x6 | LINK     %r232
  0x10 | TWIN     %r233
  0x20 | STAFF    %r234
  0x14 | FRGATE   %r235
  0x0 | VSPACE   %r236
  0x1c | SPROUT   %r237
  0x2c | ONE      %r238
  0x10 | TWIN     %r239
  0x20 | STAFF    %r240
  0x14 | FRGATE   %r241
  0x0 | VSPACE   %r242
  0x10 | TWIN     %r243
  0x24 | GATE     %r244
  0x14 | FRGATE   %r245
  0xb | STAND    %r246
  0x10 | TWIN     %r247
  0x20 | STAFF    %r248
  0x14 | FRGATE   %r249
  0x30 | CYCLE    %r250
  0x10 | TWIN     %r251
  -> 252 registers, 12 lines

=== C MAMARI RECTO ===
  ; LINE 1 [L→R]
  0x10 | TWIN     %r0
  0x0 | VSPACE   %r1
  0x14 | FRGATE   %r2
  0x20 | STAFF    %r3
  0x10 | TWIN     %r4
  0x2c | ONE      %r5
  0x1c | SPROUT   %r6
  0x0 | VSPACE   %r7
  0x14 | FRGATE   %r8
  0x20 | STAFF    %r9
  0x10 | TWIN     %r10
  0x30 | CYCLE    %r11
  0x14 | FRGATE   %r12
  0x20 | STAFF    %r13
  0x10 | TWIN     %r14
  0x0 | VSPACE   %r15
  0xb | STAND    %r16
  0x14 | FRGATE   %r17
  0x24 | GATE     %r18
  0x10 | TWIN     %r19
  ; LINE 2 [R→L]
  0x20 | STAFF    %r20
  0x10 | TWIN     %r21
  0x20 | STAFF    %r22
  0x14 | FRGATE   %r23
  0x6 | LINK     %r24
  0x30 | CYCLE    %r25
  0x10 | TWIN     %r26
  0x20 | STAFF    %r27
  0x14 | FRGATE   %r28
  0x0 | VSPACE   %r29
  0x1c | SPROUT   %r30
  0x2c | ONE      %r31
  0x10 | TWIN     %r32
  0x20 | STAFF    %r33
  0x14 | FRGATE   %r34
  0x0 | VSPACE   %r35
  0x10 | TWIN     %r36
  0x20 | STAFF    %r37
  0x14 | FRGATE   %r38
  0x30 | CYCLE    %r39
  ; LINE 3 [L→R]
  0x10 | TWIN     %r40
  0x0 | VSPACE   %r41
  0x14 | FRGATE   %r42
  0x20 | STAFF    %r43
  0x10 | TWIN     %r44
  0x6 | LINK     %r45
  0x20 | STAFF    %r46
  0x30 | CYCLE    %r47
  0x14 | FRGATE   %r48
  0x20 | STAFF    %r49
  0x10 | TWIN     %r50
  0x0 | VSPACE   %r51
  0xb | STAND    %r52
  0x20 | STAFF    %r53
  0x10 | TWIN     %r54
  0x14 | FRGATE   %r55
  0x10 | TWIN     %r56
  0x0 | VSPACE   %r57
  0x14 | FRGATE   %r58
  0x20 | STAFF    %r59
  ; LINE 4 [R→L]
  0x14 | FRGATE   %r60
  0x0 | VSPACE   %r61
  0x10 | TWIN     %r62
  0x20 | STAFF    %r63
  0x14 | FRGATE   %r64
  0x0 | VSPACE   %r65
  0x10 | TWIN     %r66
  0x14 | FRGATE   %r67
  0x10 | TWIN     %r68
  0x6 | LINK     %r69
  0x10 | TWIN     %r70
  0x20 | STAFF    %r71
  0x14 | FRGATE   %r72
  0x0 | VSPACE   %r73
  0x10 | TWIN     %r74
  0x20 | STAFF    %r75
  0x14 | FRGATE   %r76
  0x0 | VSPACE   %r77
  0x10 | TWIN     %r78
  0x1c | SPROUT   %r79
  ; LINE 5 [L→R]
  0x10 | TWIN     %r80
  0x0 | VSPACE   %r81
  0x14 | FRGATE   %r82
  0x20 | STAFF    %r83
  0x10 | TWIN     %r84
  0x30 | CYCLE    %r85
  0x14 | FRGATE   %r86
  0x20 | STAFF    %r87
  0x10 | TWIN     %r88
  0x0 | VSPACE   %r89
  0xb | STAND    %r90
  0x14 | FRGATE   %r91
  0x24 | GATE     %r92
  0x10 | TWIN     %r93
  0x0 | VSPACE   %r94
  0x14 | FRGATE   %r95
  0x20 | STAFF    %r96
  0x10 | TWIN     %r97
  0x30 | CYCLE    %r98
  0x10 | TWIN     %r99
  ; LINE 6 [R→L]
  0x10 | TWIN     %r100
  0x24 | GATE     %r101
  0x20 | STAFF    %r102
  0x14 | FRGATE   %r103
  0x6 | LINK     %r104
  0x10 | TWIN     %r105
  0x30 | CYCLE    %r106
  0x10 | TWIN     %r107
  0x20 | STAFF    %r108
  0x14 | FRGATE   %r109
  0x0 | VSPACE   %r110
  0x1c | SPROUT   %r111
  0x2c | ONE      %r112
  0x10 | TWIN     %r113
  0x20 | STAFF    %r114
  0x14 | FRGATE   %r115
  0x0 | VSPACE   %r116
  0x10 | TWIN     %r117
  0x20 | STAFF    %r118
  0x14 | FRGATE   %r119
  ; LINE 7 [L→R]
  0x0 | VSPACE   %r120
  0x14 | FRGATE   %r121
  0x20 | STAFF    %r122
  0x10 | TWIN     %r123
  0x0 | VSPACE   %r124
  0x14 | FRGATE   %r125
  0x20 | STAFF    %r126
  0x10 | TWIN     %r127
  0x30 | CYCLE    %r128
  0x14 | FRGATE   %r129
  0x20 | STAFF    %r130
  0x1c | SPROUT   %r131
  0x10 | TWIN     %r132
  0x0 | VSPACE   %r133
  0x14 | FRGATE   %r134
  0x20 | STAFF    %r135
  0x10 | TWIN     %r136
  0x0 | VSPACE   %r137
  0xb | STAND    %r138
  0x20 | STAFF    %r139
  ; LINE 8 [R→L]
  0x20 | STAFF    %r140
  0x14 | FRGATE   %r141
  0x0 | VSPACE   %r142
  0x10 | TWIN     %r143
  0x14 | FRGATE   %r144
  0x10 | TWIN     %r145
  0x6 | LINK     %r146
  0x10 | TWIN     %r147
  0x20 | STAFF    %r148
  0x14 | FRGATE   %r149
  0x0 | VSPACE   %r150
  0x10 | TWIN     %r151
  0x20 | STAFF    %r152
  0x14 | FRGATE   %r153
  0x0 | VSPACE   %r154
  0x10 | TWIN     %r155
  0x20 | STAFF    %r156
  0x14 | FRGATE   %r157
  0x30 | CYCLE    %r158
  0x10 | TWIN     %r159
  ; LINE 9 [L→R]
  0x10 | TWIN     %r160
  0x0 | VSPACE   %r161
  0x14 | FRGATE   %r162
  0x20 | STAFF    %r163
  0x10 | TWIN     %r164
  0x30 | CYCLE    %r165
  0x14 | FRGATE   %r166
  0x20 | STAFF    %r167
  0x10 | TWIN     %r168
  0x0 | VSPACE   %r169
  0x14 | FRGATE   %r170
  0x20 | STAFF    %r171
  0x10 | TWIN     %r172
  0x6 | LINK     %r173
  0x10 | TWIN     %r174
  0x14 | FRGATE   %r175
  0x10 | TWIN     %r176
  0x0 | VSPACE   %r177
  0x14 | FRGATE   %r178
  0x20 | STAFF    %r179
  ; LINE 10 [R→L]
  0x20 | STAFF    %r180
  0x14 | FRGATE   %r181
  0x1c | SPROUT   %r182
  0x20 | STAFF    %r183
  0x14 | FRGATE   %r184
  0x0 | VSPACE   %r185
  0x10 | TWIN     %r186
  0x24 | GATE     %r187
  0x14 | FRGATE   %r188
  0xb | STAND    %r189
  0x0 | VSPACE   %r190
  0x10 | TWIN     %r191
  0x20 | STAFF    %r192
  0x14 | FRGATE   %r193
  0x0 | VSPACE   %r194
  0x10 | TWIN     %r195
  0x20 | STAFF    %r196
  0x14 | FRGATE   %r197
  0x30 | CYCLE    %r198
  0x10 | TWIN     %r199
  ; LINE 11 [L→R]
  0x10 | TWIN     %r200
  0x0 | VSPACE   %r201
  0x14 | FRGATE   %r202
  0x20 | STAFF    %r203
  0x10 | TWIN     %r204
  0x30 | CYCLE    %r205
  0x14 | FRGATE   %r206
  0x20 | STAFF    %r207
  0x10 | TWIN     %r208
  0x6 | LINK     %r209
  0x14 | FRGATE   %r210
  0x20 | STAFF    %r211
  0x10 | TWIN     %r212
  0x0 | VSPACE   %r213
  0x14 | FRGATE   %r214
  0x20 | STAFF    %r215
  0x10 | TWIN     %r216
  0x0 | VSPACE   %r217
  0x14 | FRGATE   %r218
  0x20 | STAFF    %r219
  ; LINE 12 [R→L]
  0x20 | STAFF    %r220
  0x14 | FRGATE   %r221
  0x0 | VSPACE   %r222
  0x10 | TWIN     %r223
  0x20 | STAFF    %r224
  0x14 | FRGATE   %r225
  0x0 | VSPACE   %r226
  0x10 | TWIN     %r227
  0x20 | STAFF    %r228
  0x14 | FRGATE   %r229
  0x30 | CYCLE    %r230
  0x10 | TWIN     %r231
  0x20 | STAFF    %r232
  0x14 | FRGATE   %r233
  0x0 | VSPACE   %r234
  0x10 | TWIN     %r235
  0x14 | FRGATE   %r236
  0x10 | TWIN     %r237
  0x6 | LINK     %r238
  0x10 | TWIN     %r239
  ; LINE 13 [L→R]
  0x10 | TWIN     %r240
  0x30 | CYCLE    %r241
  0x14 | FRGATE   %r242
  0x20 | STAFF    %r243
  0x10 | TWIN     %r244
  0x6 | LINK     %r245
  0x14 | FRGATE   %r246
  0x20 | STAFF    %r247
  0x10 | TWIN     %r248
  0x0 | VSPACE   %r249
  0x14 | FRGATE   %r250
  0x20 | STAFF    %r251
  0x10 | TWIN     %r252
  0x2c | ONE      %r253
  0x1c | SPROUT   %r254
  0x0 | VSPACE   %r255
  0x14 | FRGATE   %r256
  0x20 | STAFF    %r257
  0x10 | TWIN     %r258
  0x0 | VSPACE   %r259
  ; LINE 14 [R→L]
  0x33 | END      %r260
  0x14 | FRGATE   %r261
  0x0 | VSPACE   %r262
  0x10 | TWIN     %r263
  0x14 | FRGATE   %r264
  0x10 | TWIN     %r265
  0x6 | LINK     %r266
  0x10 | TWIN     %r267
  0x20 | STAFF    %r268
  0x14 | FRGATE   %r269
  0x0 | VSPACE   %r270
  0xc | FACE     %r271
  0x0 | VSPACE   %r272
  0x10 | TWIN     %r273
  0x14 | FRGATE   %r274
  0x30 | CYCLE    %r275
  0x10 | TWIN     %r276
  0x20 | STAFF    %r277
  0x14 | FRGATE   %r278
  0x0 | VSPACE   %r279
  -> 280 registers, 14 lines

=== C MAMARI VERSO ===
  ; LINE 1 [L→R]
  0x10 | TWIN     %r0
  0x0 | VSPACE   %r1
  0x14 | FRGATE   %r2
  0x20 | STAFF    %r3
  0x10 | TWIN     %r4
  0x2c | ONE      %r5
  0x1c | SPROUT   %r6
  0x0 | VSPACE   %r7
  0x14 | FRGATE   %r8
  0x20 | STAFF    %r9
  0x10 | TWIN     %r10
  0x30 | CYCLE    %r11
  0x14 | FRGATE   %r12
  0x20 | STAFF    %r13
  0x10 | TWIN     %r14
  0x0 | VSPACE   %r15
  0xb | STAND    %r16
  0x14 | FRGATE   %r17
  0x24 | GATE     %r18
  0x10 | TWIN     %r19
  ; LINE 2 [R→L]
  0x20 | STAFF    %r20
  0x10 | TWIN     %r21
  0x20 | STAFF    %r22
  0x14 | FRGATE   %r23
  0x6 | LINK     %r24
  0x30 | CYCLE    %r25
  0x10 | TWIN     %r26
  0x20 | STAFF    %r27
  0x14 | FRGATE   %r28
  0x0 | VSPACE   %r29
  0x1c | SPROUT   %r30
  0x2c | ONE      %r31
  0x10 | TWIN     %r32
  0x20 | STAFF    %r33
  0x14 | FRGATE   %r34
  0x0 | VSPACE   %r35
  0x10 | TWIN     %r36
  0x20 | STAFF    %r37
  0x14 | FRGATE   %r38
  0x30 | CYCLE    %r39
  ; LINE 3 [L→R]
  0x10 | TWIN     %r40
  0x0 | VSPACE   %r41
  0x14 | FRGATE   %r42
  0x20 | STAFF    %r43
  0x10 | TWIN     %r44
  0x6 | LINK     %r45
  0x20 | STAFF    %r46
  0x30 | CYCLE    %r47
  0x14 | FRGATE   %r48
  0x20 | STAFF    %r49
  0x10 | TWIN     %r50
  0x0 | VSPACE   %r51
  0xb | STAND    %r52
  0x20 | STAFF    %r53
  0x10 | TWIN     %r54
  0x14 | FRGATE   %r55
  0x10 | TWIN     %r56
  0x0 | VSPACE   %r57
  0x14 | FRGATE   %r58
  0x20 | STAFF    %r59
  ; LINE 4 [R→L]
  0x14 | FRGATE   %r60
  0x0 | VSPACE   %r61
  0x10 | TWIN     %r62
  0x20 | STAFF    %r63
  0x14 | FRGATE   %r64
  0x0 | VSPACE   %r65
  0x10 | TWIN     %r66
  0x14 | FRGATE   %r67
  0x10 | TWIN     %r68
  0x6 | LINK     %r69
  0x10 | TWIN     %r70
  0x20 | STAFF    %r71
  0x14 | FRGATE   %r72
  0x0 | VSPACE   %r73
  0x10 | TWIN     %r74
  0x20 | STAFF    %r75
  0x14 | FRGATE   %r76
  0x0 | VSPACE   %r77
  0x10 | TWIN     %r78
  0x1c | SPROUT   %r79
  ; LINE 5 [L→R]
  0x10 | TWIN     %r80
  0x0 | VSPACE   %r81
  0x14 | FRGATE   %r82
  0x20 | STAFF    %r83
  0x10 | TWIN     %r84
  0x30 | CYCLE    %r85
  0x14 | FRGATE   %r86
  0x20 | STAFF    %r87
  0x10 | TWIN     %r88
  0x0 | VSPACE   %r89
  0xb | STAND    %r90
  0x14 | FRGATE   %r91
  0x24 | GATE     %r92
  0x10 | TWIN     %r93
  0x0 | VSPACE   %r94
  0x14 | FRGATE   %r95
  0x20 | STAFF    %r96
  0x10 | TWIN     %r97
  0x30 | CYCLE    %r98
  0x10 | TWIN     %r99
  ; LINE 6 [R→L]
  0x10 | TWIN     %r100
  0x24 | GATE     %r101
  0x20 | STAFF    %r102
  0x14 | FRGATE   %r103
  0x6 | LINK     %r104
  0x10 | TWIN     %r105
  0x30 | CYCLE    %r106
  0x10 | TWIN     %r107
  0x20 | STAFF    %r108
  0x14 | FRGATE   %r109
  0x0 | VSPACE   %r110
  0x1c | SPROUT   %r111
  0x2c | ONE      %r112
  0x10 | TWIN     %r113
  0x20 | STAFF    %r114
  0x14 | FRGATE   %r115
  0x0 | VSPACE   %r116
  0x10 | TWIN     %r117
  0x20 | STAFF    %r118
  0x14 | FRGATE   %r119
  ; LINE 7 [L→R]
  0x0 | VSPACE   %r120
  0x14 | FRGATE   %r121
  0x20 | STAFF    %r122
  0x10 | TWIN     %r123
  0x0 | VSPACE   %r124
  0x14 | FRGATE   %r125
  0x20 | STAFF    %r126
  0x10 | TWIN     %r127
  0x30 | CYCLE    %r128
  0x14 | FRGATE   %r129
  0x20 | STAFF    %r130
  0x1c | SPROUT   %r131
  0x10 | TWIN     %r132
  0x0 | VSPACE   %r133
  0x14 | FRGATE   %r134
  0x20 | STAFF    %r135
  0x10 | TWIN     %r136
  0x0 | VSPACE   %r137
  0xb | STAND    %r138
  0x20 | STAFF    %r139
  ; LINE 8 [R→L]
  0x20 | STAFF    %r140
  0x14 | FRGATE   %r141
  0x0 | VSPACE   %r142
  0x10 | TWIN     %r143
  0x14 | FRGATE   %r144
  0x10 | TWIN     %r145
  0x6 | LINK     %r146
  0x10 | TWIN     %r147
  0x20 | STAFF    %r148
  0x14 | FRGATE   %r149
  0x0 | VSPACE   %r150
  0x10 | TWIN     %r151
  0x20 | STAFF    %r152
  0x14 | FRGATE   %r153
  0x0 | VSPACE   %r154
  0x10 | TWIN     %r155
  0x20 | STAFF    %r156
  0x14 | FRGATE   %r157
  0x30 | CYCLE    %r158
  0x10 | TWIN     %r159
  ; LINE 9 [L→R]
  0x10 | TWIN     %r160
  0x0 | VSPACE   %r161
  0x14 | FRGATE   %r162
  0x20 | STAFF    %r163
  0x10 | TWIN     %r164
  0x30 | CYCLE    %r165
  0x14 | FRGATE   %r166
  0x20 | STAFF    %r167
  0x10 | TWIN     %r168
  0x0 | VSPACE   %r169
  0x14 | FRGATE   %r170
  0x20 | STAFF    %r171
  0x10 | TWIN     %r172
  0x6 | LINK     %r173
  0x10 | TWIN     %r174
  0x14 | FRGATE   %r175
  0x10 | TWIN     %r176
  0x0 | VSPACE   %r177
  0x14 | FRGATE   %r178
  0x20 | STAFF    %r179
  ; LINE 10 [R→L]
  0x20 | STAFF    %r180
  0x14 | FRGATE   %r181
  0x1c | SPROUT   %r182
  0x20 | STAFF    %r183
  0x14 | FRGATE   %r184
  0x0 | VSPACE   %r185
  0x10 | TWIN     %r186
  0x24 | GATE     %r187
  0x14 | FRGATE   %r188
  0xb | STAND    %r189
  0x0 | VSPACE   %r190
  0x10 | TWIN     %r191
  0x20 | STAFF    %r192
  0x14 | FRGATE   %r193
  0x0 | VSPACE   %r194
  0x10 | TWIN     %r195
  0x20 | STAFF    %r196
  0x14 | FRGATE   %r197
  0x30 | CYCLE    %r198
  0x10 | TWIN     %r199
  ; LINE 11 [L→R]
  0x10 | TWIN     %r200
  0x0 | VSPACE   %r201
  0x14 | FRGATE   %r202
  0x20 | STAFF    %r203
  0x10 | TWIN     %r204
  0x30 | CYCLE    %r205
  0x14 | FRGATE   %r206
  0x20 | STAFF    %r207
  0x10 | TWIN     %r208
  0x6 | LINK     %r209
  0x14 | FRGATE   %r210
  0x20 | STAFF    %r211
  0x10 | TWIN     %r212
  0x0 | VSPACE   %r213
  0x14 | FRGATE   %r214
  0x20 | STAFF    %r215
  0x10 | TWIN     %r216
  0x0 | VSPACE   %r217
  0x14 | FRGATE   %r218
  0x20 | STAFF    %r219
  ; LINE 12 [R→L]
  0x20 | STAFF    %r220
  0x14 | FRGATE   %r221
  0x0 | VSPACE   %r222
  0x10 | TWIN     %r223
  0x20 | STAFF    %r224
  0x14 | FRGATE   %r225
  0x0 | VSPACE   %r226
  0x10 | TWIN     %r227
  0x20 | STAFF    %r228
  0x14 | FRGATE   %r229
  0x30 | CYCLE    %r230
  0x10 | TWIN     %r231
  0x20 | STAFF    %r232
  0x14 | FRGATE   %r233
  0x0 | VSPACE   %r234
  0x10 | TWIN     %r235
  0x14 | FRGATE   %r236
  0x10 | TWIN     %r237
  0x6 | LINK     %r238
  0x10 | TWIN     %r239
  ; LINE 13 [L→R]
  0x10 | TWIN     %r240
  0x30 | CYCLE    %r241
  0x14 | FRGATE   %r242
  0x20 | STAFF    %r243
  0x10 | TWIN     %r244
  0x6 | LINK     %r245
  0x14 | FRGATE   %r246
  0x20 | STAFF    %r247
  0x10 | TWIN     %r248
  0x0 | VSPACE   %r249
  0x14 | FRGATE   %r250
  0x20 | STAFF    %r251
  0x10 | TWIN     %r252
  0x2c | ONE      %r253
  0x1c | SPROUT   %r254
  0x0 | VSPACE   %r255
  0x14 | FRGATE   %r256
  0x20 | STAFF    %r257
  0x10 | TWIN     %r258
  0x0 | VSPACE   %r259
  ; LINE 14 [R→L]
  0x33 | END      %r260
  0x14 | FRGATE   %r261
  0x0 | VSPACE   %r262
  0x10 | TWIN     %r263
  0x14 | FRGATE   %r264
  0x10 | TWIN     %r265
  0x6 | LINK     %r266
  0x10 | TWIN     %r267
  0x20 | STAFF    %r268
  0x14 | FRGATE   %r269
  0x0 | VSPACE   %r270
  0xc | FACE     %r271
  0x0 | VSPACE   %r272
  0x10 | TWIN     %r273
  0x14 | FRGATE   %r274
  0x30 | CYCLE    %r275
  0x10 | TWIN     %r276
  0x20 | STAFF    %r277
  0x14 | FRGATE   %r278
  0x0 | VSPACE   %r279
  -> 280 registers, 14 lines

=== D ECHANCRÉE RECTO ===
  ; LINE 1 [L→R]
  0x10 | TWIN     %r0
  0x0 | VSPACE   %r1
  0x14 | FRGATE   %r2
  0x20 | STAFF    %r3
  0x10 | TWIN     %r4
  0x6 | LINK     %r5
  0x20 | STAFF    %r6
  0x30 | CYCLE    %r7
  0x14 | FRGATE   %r8
  0x20 | STAFF    %r9
  0x10 | TWIN     %r10
  0x0 | VSPACE   %r11
  0xb | STAND    %r12
  0x14 | FRGATE   %r13
  0x24 | GATE     %r14
  0x10 | TWIN     %r15
  0x0 | VSPACE   %r16
  0x14 | FRGATE   %r17
  0x20 | STAFF    %r18
  0x10 | TWIN     %r19
  0x0 | VSPACE   %r20
  ; LINE 2 [R→L]
  0xb | STAND    %r21
  0x0 | VSPACE   %r22
  0x10 | TWIN     %r23
  0x20 | STAFF    %r24
  0x14 | FRGATE   %r25
  0x30 | CYCLE    %r26
  0x10 | TWIN     %r27
  0x20 | STAFF    %r28
  0x14 | FRGATE   %r29
  0x0 | VSPACE   %r30
  0x10 | TWIN     %r31
  0x14 | FRGATE   %r32
  0x10 | TWIN     %r33
  0x6 | LINK     %r34
  0x10 | TWIN     %r35
  0x20 | STAFF    %r36
  0x14 | FRGATE   %r37
  0x30 | CYCLE    %r38
  0x10 | TWIN     %r39
  0x20 | STAFF    %r40
  0x14 | FRGATE   %r41
  ; LINE 3 [L→R]
  0x14 | FRGATE   %r42
  0x24 | GATE     %r43
  0x10 | TWIN     %r44
  0x0 | VSPACE   %r45
  0x14 | FRGATE   %r46
  0x20 | STAFF    %r47
  0x10 | TWIN     %r48
  0x6 | LINK     %r49
  0x14 | FRGATE   %r50
  0x20 | STAFF    %r51
  0x10 | TWIN     %r52
  0x30 | CYCLE    %r53
  0x10 | TWIN     %r54
  0x14 | FRGATE   %r55
  0x0 | VSPACE   %r56
  0x14 | FRGATE   %r57
  0x20 | STAFF    %r58
  0x10 | TWIN     %r59
  0x0 | VSPACE   %r60
  0x14 | FRGATE   %r61
  0x20 | STAFF    %r62
  ; LINE 4 [R→L]
  0x33 | END      %r63
  0xb | STAND    %r64
  0x0 | VSPACE   %r65
  0x10 | TWIN     %r66
  0x20 | STAFF    %r67
  0x14 | FRGATE   %r68
  0x30 | CYCLE    %r69
  0x10 | TWIN     %r70
  0x20 | STAFF    %r71
  0x14 | FRGATE   %r72
  0x0 | VSPACE   %r73
  0x10 | TWIN     %r74
  0x14 | FRGATE   %r75
  0x10 | TWIN     %r76
  0x6 | LINK     %r77
  0x10 | TWIN     %r78
  0x20 | STAFF    %r79
  0x14 | FRGATE   %r80
  0x30 | CYCLE    %r81
  0x10 | TWIN     %r82
  -> 83 registers, 4 lines

=== E KEITI RECTO ===
  ; LINE 1 [L→R]
  0x10 | TWIN     %r0
  0x0 | VSPACE   %r1
  0x14 | FRGATE   %r2
  0x20 | STAFF    %r3
  0x10 | TWIN     %r4
  0x6 | LINK     %r5
  0x10 | TWIN     %r6
  0x14 | FRGATE   %r7
  0x0 | VSPACE   %r8
  0x14 | FRGATE   %r9
  0x20 | STAFF    %r10
  0x10 | TWIN     %r11
  0x30 | CYCLE    %r12
  0x14 | FRGATE   %r13
  0x20 | STAFF    %r14
  0x10 | TWIN     %r15
  0xb | STAND    %r16
  0x14 | FRGATE   %r17
  0x24 | GATE     %r18
  0x10 | TWIN     %r19
  0x0 | VSPACE   %r20
  ; LINE 2 [R→L]
  0x20 | STAFF    %r21
  0x14 | FRGATE   %r22
  0x0 | VSPACE   %r23
  0x10 | TWIN     %r24
  0x20 | STAFF    %r25
  0x14 | FRGATE   %r26
  0x30 | CYCLE    %r27
  0x10 | TWIN     %r28
  0x20 | STAFF    %r29
  0x14 | FRGATE   %r30
  0x30 | CYCLE    %r31
  0x20 | STAFF    %r32
  0x6 | LINK     %r33
  0x10 | TWIN     %r34
  0x20 | STAFF    %r35
  0x14 | FRGATE   %r36
  0x0 | VSPACE   %r37
  0x10 | TWIN     %r38
  0x20 | STAFF    %r39
  0x14 | FRGATE   %r40
  0x24 | GATE     %r41
  ; LINE 3 [L→R]
  0x10 | TWIN     %r42
  0x0 | VSPACE   %r43
  0x14 | FRGATE   %r44
  0x20 | STAFF    %r45
  0x10 | TWIN     %r46
  0x30 | CYCLE    %r47
  0x14 | FRGATE   %r48
  0x20 | STAFF    %r49
  0x10 | TWIN     %r50
  0x0 | VSPACE   %r51
  0xb | STAND    %r52
  0x14 | FRGATE   %r53
  0x24 | GATE     %r54
  0x10 | TWIN     %r55
  0x0 | VSPACE   %r56
  0x14 | FRGATE   %r57
  0x20 | STAFF    %r58
  0x10 | TWIN     %r59
  0x6 | LINK     %r60
  0x10 | TWIN     %r61
  0x20 | STAFF    %r62
  ; LINE 4 [R→L]
  0xb | STAND    %r63
  0x10 | TWIN     %r64
  0x24 | GATE     %r65
  0x20 | STAFF    %r66
  0x14 | FRGATE   %r67
  0x30 | CYCLE    %r68
  0x10 | TWIN     %r69
  0x20 | STAFF    %r70
  0x14 | FRGATE   %r71
  0x0 | VSPACE   %r72
  0x1c | SPROUT   %r73
  0x2c | ONE      %r74
  0x10 | TWIN     %r75
  0x20 | STAFF    %r76
  0x14 | FRGATE   %r77
  0x0 | VSPACE   %r78
  0x10 | TWIN     %r79
  0x20 | STAFF    %r80
  0x14 | FRGATE   %r81
  0x30 | CYCLE    %r82
  0x10 | TWIN     %r83
  ; LINE 5 [L→R]
  0x10 | TWIN     %r84
  0x0 | VSPACE   %r85
  0x14 | FRGATE   %r86
  0x20 | STAFF    %r87
  0x10 | TWIN     %r88
  0x30 | CYCLE    %r89
  0x14 | FRGATE   %r90
  0x20 | STAFF    %r91
  0x10 | TWIN     %r92
  0x0 | VSPACE   %r93
  0x14 | FRGATE   %r94
  0x20 | STAFF    %r95
  0x10 | TWIN     %r96
  0x6 | LINK     %r97
  0x10 | TWIN     %r98
  0x14 | FRGATE   %r99
  0x10 | TWIN     %r100
  0x0 | VSPACE   %r101
  0x14 | FRGATE   %r102
  0x20 | STAFF    %r103
  0x10 | TWIN     %r104
  ; LINE 6 [R→L]
  0x20 | STAFF    %r105
  0x14 | FRGATE   %r106
  0x30 | CYCLE    %r107
  0x10 | TWIN     %r108
  0x20 | STAFF    %r109
  0x14 | FRGATE   %r110
  0xc | FACE     %r111
  0x0 | VSPACE   %r112
  0x10 | TWIN     %r113
  0x20 | STAFF    %r114
  0x14 | FRGATE   %r115
  0x0 | VSPACE   %r116
  0x10 | TWIN     %r117
  0x24 | GATE     %r118
  0x14 | FRGATE   %r119
  0xb | STAND    %r120
  0x10 | TWIN     %r121
  0x20 | STAFF    %r122
  0x14 | FRGATE   %r123
  0x30 | CYCLE    %r124
  0x10 | TWIN     %r125
  ; LINE 7 [L→R]
  0x10 | TWIN     %r126
  0x0 | VSPACE   %r127
  0x14 | FRGATE   %r128
  0x20 | STAFF    %r129
  0x10 | TWIN     %r130
  0x30 | CYCLE    %r131
  0x14 | FRGATE   %r132
  0x20 | STAFF    %r133
  0x10 | TWIN     %r134
  0x6 | LINK     %r135
  0x10 | TWIN     %r136
  0x14 | FRGATE   %r137
  0x10 | TWIN     %r138
  0x0 | VSPACE   %r139
  0x14 | FRGATE   %r140
  0x20 | STAFF    %r141
  0x10 | TWIN     %r142
  0x0 | VSPACE   %r143
  0x14 | FRGATE   %r144
  0x20 | STAFF    %r145
  0x10 | TWIN     %r146
  ; LINE 8 [R→L]
  0x20 | STAFF    %r147
  0x14 | FRGATE   %r148
  0x30 | CYCLE    %r149
  0x10 | TWIN     %r150
  0x20 | STAFF    %r151
  0x14 | FRGATE   %r152
  0x0 | VSPACE   %r153
  0x10 | TWIN     %r154
  0x24 | GATE     %r155
  0x20 | STAFF    %r156
  0x14 | FRGATE   %r157
  0x6 | LINK     %r158
  0x10 | TWIN     %r159
  0x20 | STAFF    %r160
  0x14 | FRGATE   %r161
  0x0 | VSPACE   %r162
  0x10 | TWIN     %r163
  0x20 | STAFF    %r164
  0x14 | FRGATE   %r165
  0x30 | CYCLE    %r166
  0x10 | TWIN     %r167
  ; LINE 9 [L→R]
  0x10 | TWIN     %r168
  0x0 | VSPACE   %r169
  0xb | STAND    %r170
  0x14 | FRGATE   %r171
  0x24 | GATE     %r172
  0x10 | TWIN     %r173
  0x0 | VSPACE   %r174
  0x14 | FRGATE   %r175
  0x20 | STAFF    %r176
  0x10 | TWIN     %r177
  0x30 | CYCLE    %r178
  0x14 | FRGATE   %r179
  0x20 | STAFF    %r180
  0x10 | TWIN     %r181
  0x0 | VSPACE   %r182
  0x14 | FRGATE   %r183
  0x20 | STAFF    %r184
  0x1c | SPROUT   %r185
  0x10 | TWIN     %r186
  0x6 | LINK     %r187
  0x10 | TWIN     %r188
  ; LINE 10 [R→L]
  0x20 | STAFF    %r189
  0x14 | FRGATE   %r190
  0x30 | CYCLE    %r191
  0x10 | TWIN     %r192
  0x20 | STAFF    %r193
  0x14 | FRGATE   %r194
  0x6 | LINK     %r195
  0x10 | TWIN     %r196
  0x20 | STAFF    %r197
  0x14 | FRGATE   %r198
  0x0 | VSPACE   %r199
  0x10 | TWIN     %r200
  0x20 | STAFF    %r201
  0x14 | FRGATE   %r202
  0x30 | CYCLE    %r203
  0x10 | TWIN     %r204
  0x20 | STAFF    %r205
  0x14 | FRGATE   %r206
  0x0 | VSPACE   %r207
  0x10 | TWIN     %r208
  0x14 | FRGATE   %r209
  ; LINE 11 [L→R]
  0x10 | TWIN     %r210
  0x0 | VSPACE   %r211
  0x14 | FRGATE   %r212
  0x20 | STAFF    %r213
  0x10 | TWIN     %r214
  0x6 | LINK     %r215
  0x10 | TWIN     %r216
  0x14 | FRGATE   %r217
  0x10 | TWIN     %r218
  0x0 | VSPACE   %r219
  0x14 | FRGATE   %r220
  0x20 | STAFF    %r221
  0x10 | TWIN     %r222
  0x30 | CYCLE    %r223
  0x14 | FRGATE   %r224
  0x20 | STAFF    %r225
  0x10 | TWIN     %r226
  0xb | STAND    %r227
  0x14 | FRGATE   %r228
  0x24 | GATE     %r229
  0x33 | END      %r230
  -> 231 registers, 11 lines

=== G SMALL SANTIAGO RECTO ===
  ; LINE 1 [L→R]
  0x10 | TWIN     %r0
  0x0 | VSPACE   %r1
  0x14 | FRGATE   %r2
  0x20 | STAFF    %r3
  0x10 | TWIN     %r4
  0x6 | LINK     %r5
  0x20 | STAFF    %r6
  0x30 | CYCLE    %r7
  0x14 | FRGATE   %r8
  0x20 | STAFF    %r9
  0x10 | TWIN     %r10
  0x0 | VSPACE   %r11
  0xb | STAND    %r12
  0x14 | FRGATE   %r13
  0x24 | GATE     %r14
  0x10 | TWIN     %r15
  0x0 | VSPACE   %r16
  0x14 | FRGATE   %r17
  0x20 | STAFF    %r18
  0x10 | TWIN     %r19
  0x0 | VSPACE   %r20
  ; LINE 2 [R→L]
  0x10 | TWIN     %r21
  0x20 | STAFF    %r22
  0x14 | FRGATE   %r23
  0x0 | VSPACE   %r24
  0x1c | SPROUT   %r25
  0x2c | ONE      %r26
  0x10 | TWIN     %r27
  0x20 | STAFF    %r28
  0x14 | FRGATE   %r29
  0x0 | VSPACE   %r30
  0x10 | TWIN     %r31
  0x14 | FRGATE   %r32
  0x10 | TWIN     %r33
  0x6 | LINK     %r34
  0x10 | TWIN     %r35
  0x20 | STAFF    %r36
  0x14 | FRGATE   %r37
  0x30 | CYCLE    %r38
  0x10 | TWIN     %r39
  0x20 | STAFF    %r40
  0x14 | FRGATE   %r41
  ; LINE 3 [L→R]
  0x10 | TWIN     %r42
  0x0 | VSPACE   %r43
  0x14 | FRGATE   %r44
  0x20 | STAFF    %r45
  0x10 | TWIN     %r46
  0x30 | CYCLE    %r47
  0x14 | FRGATE   %r48
  0x20 | STAFF    %r49
  0x10 | TWIN     %r50
  0x0 | VSPACE   %r51
  0x14 | FRGATE   %r52
  0x20 | STAFF    %r53
  0x10 | TWIN     %r54
  0x6 | LINK     %r55
  0x10 | TWIN     %r56
  0x14 | FRGATE   %r57
  0x10 | TWIN     %r58
  0x0 | VSPACE   %r59
  0x14 | FRGATE   %r60
  0x20 | STAFF    %r61
  0x10 | TWIN     %r62
  ; LINE 4 [R→L]
  0x10 | TWIN     %r63
  0x20 | STAFF    %r64
  0x14 | FRGATE   %r65
  0x30 | CYCLE    %r66
  0x10 | TWIN     %r67
  0x20 | STAFF    %r68
  0x14 | FRGATE   %r69
  0x0 | VSPACE   %r70
  0x10 | TWIN     %r71
  0x20 | STAFF    %r72
  0x14 | FRGATE   %r73
  0x0 | VSPACE   %r74
  0x10 | TWIN     %r75
  0x24 | GATE     %r76
  0x14 | FRGATE   %r77
  0xb | STAND    %r78
  0x10 | TWIN     %r79
  0x20 | STAFF    %r80
  0x14 | FRGATE   %r81
  0x30 | CYCLE    %r82
  0x10 | TWIN     %r83
  ; LINE 5 [L→R]
  0x10 | TWIN     %r84
  0x30 | CYCLE    %r85
  0x14 | FRGATE   %r86
  0x20 | STAFF    %r87
  0x10 | TWIN     %r88
  0x0 | VSPACE   %r89
  0x14 | FRGATE   %r90
  0x20 | STAFF    %r91
  0x10 | TWIN     %r92
  0x6 | LINK     %r93
  0x10 | TWIN     %r94
  0x14 | FRGATE   %r95
  0x10 | TWIN     %r96
  0x0 | VSPACE   %r97
  0x14 | FRGATE   %r98
  0x20 | STAFF    %r99
  0x10 | TWIN     %r100
  0x30 | CYCLE    %r101
  0x14 | FRGATE   %r102
  0x20 | STAFF    %r103
  0x10 | TWIN     %r104
  ; LINE 6 [R→L]
  0x20 | STAFF    %r105
  0x14 | FRGATE   %r106
  0x6 | LINK     %r107
  0x10 | TWIN     %r108
  0x20 | STAFF    %r109
  0x14 | FRGATE   %r110
  0x0 | VSPACE   %r111
  0x10 | TWIN     %r112
  0x24 | GATE     %r113
  0x14 | FRGATE   %r114
  0xb | STAND    %r115
  0x0 | VSPACE   %r116
  0x10 | TWIN     %r117
  0x20 | STAFF    %r118
  0x14 | FRGATE   %r119
  0x30 | CYCLE    %r120
  0x10 | TWIN     %r121
  0x20 | STAFF    %r122
  0x14 | FRGATE   %r123
  0x0 | VSPACE   %r124
  0x10 | TWIN     %r125
  ; LINE 7 [L→R]
  0x10 | TWIN     %r126
  0x0 | VSPACE   %r127
  0x14 | FRGATE   %r128
  0x20 | STAFF    %r129
  0x10 | TWIN     %r130
  0x30 | CYCLE    %r131
  0x14 | FRGATE   %r132
  0x20 | STAFF    %r133
  0x10 | TWIN     %r134
  0x6 | LINK     %r135
  0x14 | FRGATE   %r136
  0x20 | STAFF    %r137
  0x10 | TWIN     %r138
  0x0 | VSPACE   %r139
  0x14 | FRGATE   %r140
  0x20 | STAFF    %r141
  0x10 | TWIN     %r142
  0x2c | ONE      %r143
  0x1c | SPROUT   %r144
  0x0 | VSPACE   %r145
  0x14 | FRGATE   %r146
  ; LINE 8 [R→L]
  0x33 | END      %r147
  0xb | STAND    %r148
  0x0 | VSPACE   %r149
  0x10 | TWIN     %r150
  0x20 | STAFF    %r151
  0x14 | FRGATE   %r152
  0x30 | CYCLE    %r153
  0x10 | TWIN     %r154
  0x20 | STAFF    %r155
  0x14 | FRGATE   %r156
  0x0 | VSPACE   %r157
  0x10 | TWIN     %r158
  0x14 | FRGATE   %r159
  0x10 | TWIN     %r160
  0x6 | LINK     %r161
  0x10 | TWIN     %r162
  0x20 | STAFF    %r163
  0x14 | FRGATE   %r164
  0x0 | VSPACE   %r165
  0x10 | TWIN     %r166
  0x20 | STAFF    %r167
  -> 168 registers, 8 lines

=== H LARGE SANTIAGO RECTO ===
  ; LINE 1 [L→R]
  0x10 | TWIN     %r0
  0x0 | VSPACE   %r1
  0x14 | FRGATE   %r2
  0x20 | STAFF    %r3
  0x10 | TWIN     %r4
  0x6 | LINK     %r5
  0x10 | TWIN     %r6
  0x14 | FRGATE   %r7
  0x0 | VSPACE   %r8
  0x14 | FRGATE   %r9
  0x20 | STAFF    %r10
  0x10 | TWIN     %r11
  0x30 | CYCLE    %r12
  0x14 | FRGATE   %r13
  0x20 | STAFF    %r14
  0x10 | TWIN     %r15
  0x0 | VSPACE   %r16
  0xb | STAND    %r17
  0x14 | FRGATE   %r18
  0x24 | GATE     %r19
  0x10 | TWIN     %r20
  ; LINE 2 [R→L]
  0x20 | STAFF    %r21
  0x14 | FRGATE   %r22
  0x0 | VSPACE   %r23
  0x10 | TWIN     %r24
  0x20 | STAFF    %r25
  0x14 | FRGATE   %r26
  0x30 | CYCLE    %r27
  0x10 | TWIN     %r28
  0x20 | STAFF    %r29
  0x14 | FRGATE   %r30
  0x0 | VSPACE   %r31
  0x10 | TWIN     %r32
  0x14 | FRGATE   %r33
  0x10 | TWIN     %r34
  0x6 | LINK     %r35
  0x10 | TWIN     %r36
  0x20 | STAFF    %r37
  0xe | HAND     %r38
  0x14 | FRGATE   %r39
  0x0 | VSPACE   %r40
  0x10 | TWIN     %r41
  ; LINE 3 [L→R]
  0x10 | TWIN     %r42
  0x0 | VSPACE   %r43
  0x14 | FRGATE   %r44
  0xe | HAND     %r45
  0x20 | STAFF    %r46
  0x10 | TWIN     %r47
  0x30 | CYCLE    %r48
  0x14 | FRGATE   %r49
  0x20 | STAFF    %r50
  0x10 | TWIN     %r51
  0x6 | LINK     %r52
  0x10 | TWIN     %r53
  0x14 | FRGATE   %r54
  0x10 | TWIN     %r55
  0x0 | VSPACE   %r56
  0x14 | FRGATE   %r57
  0x20 | STAFF    %r58
  0x10 | TWIN     %r59
  0x2c | ONE      %r60
  0x1c | SPROUT   %r61
  0x0 | VSPACE   %r62
  ; LINE 4 [R→L]
  0x6 | LINK     %r63
  0x10 | TWIN     %r64
  0x20 | STAFF    %r65
  0x14 | FRGATE   %r66
  0x0 | VSPACE   %r67
  0x10 | TWIN     %r68
  0x24 | GATE     %r69
  0x14 | FRGATE   %r70
  0xb | STAND    %r71
  0x0 | VSPACE   %r72
  0x10 | TWIN     %r73
  0x20 | STAFF    %r74
  0x14 | FRGATE   %r75
  0x30 | CYCLE    %r76
  0x10 | TWIN     %r77
  0x20 | STAFF    %r78
  0x14 | FRGATE   %r79
  0x0 | VSPACE   %r80
  0x10 | TWIN     %r81
  0x20 | STAFF    %r82
  0x14 | FRGATE   %r83
  ; LINE 5 [L→R]
  0x10 | TWIN     %r84
  0x14 | FRGATE   %r85
  0x10 | TWIN     %r86
  0x0 | VSPACE   %r87
  0x14 | FRGATE   %r88
  0x20 | STAFF    %r89
  0x10 | TWIN     %r90
  0x30 | CYCLE    %r91
  0x14 | FRGATE   %r92
  0x20 | STAFF    %r93
  0x10 | TWIN     %r94
  0x0 | VSPACE   %r95
  0x14 | FRGATE   %r96
  0x20 | STAFF    %r97
  0x10 | TWIN     %r98
  0x6 | LINK     %r99
  0x10 | TWIN     %r100
  0x14 | FRGATE   %r101
  0x10 | TWIN     %r102
  0x0 | VSPACE   %r103
  0x14 | FRGATE   %r104
  ; LINE 6 [R→L]
  0x10 | TWIN     %r105
  0x30 | CYCLE    %r106
  0x10 | TWIN     %r107
  0x20 | STAFF    %r108
  0x14 | FRGATE   %r109
  0x6 | LINK     %r110
  0x10 | TWIN     %r111
  0x20 | STAFF    %r112
  0x14 | FRGATE   %r113
  0x0 | VSPACE   %r114
  0x10 | TWIN     %r115
  0x24 | GATE     %r116
  0x14 | FRGATE   %r117
  0xb | STAND    %r118
  0x0 | VSPACE   %r119
  0x10 | TWIN     %r120
  0x20 | STAFF    %r121
  0x14 | FRGATE   %r122
  0x30 | CYCLE    %r123
  0x10 | TWIN     %r124
  0x20 | STAFF    %r125
  ; LINE 7 [L→R]
  0x10 | TWIN     %r126
  0x0 | VSPACE   %r127
  0x14 | FRGATE   %r128
  0x20 | STAFF    %r129
  0x10 | TWIN     %r130
  0x30 | CYCLE    %r131
  0x14 | FRGATE   %r132
  0x20 | STAFF    %r133
  0x10 | TWIN     %r134
  0x0 | VSPACE   %r135
  0x14 | FRGATE   %r136
  0x20 | STAFF    %r137
  0x10 | TWIN     %r138
  0x6 | LINK     %r139
  0x10 | TWIN     %r140
  0x14 | FRGATE   %r141
  0x10 | TWIN     %r142
  0x0 | VSPACE   %r143
  0x14 | FRGATE   %r144
  0x20 | STAFF    %r145
  0x10 | TWIN     %r146
  ; LINE 8 [R→L]
  0x20 | STAFF    %r147
  0x14 | FRGATE   %r148
  0x30 | CYCLE    %r149
  0x10 | TWIN     %r150
  0x20 | STAFF    %r151
  0x14 | FRGATE   %r152
  0x6 | LINK     %r153
  0x10 | TWIN     %r154
  0x20 | STAFF    %r155
  0x14 | FRGATE   %r156
  0x0 | VSPACE   %r157
  0x10 | TWIN     %r158
  0x24 | GATE     %r159
  0x14 | FRGATE   %r160
  0xb | STAND    %r161
  0x0 | VSPACE   %r162
  0x10 | TWIN     %r163
  0x20 | STAFF    %r164
  0x14 | FRGATE   %r165
  0x30 | CYCLE    %r166
  0x10 | TWIN     %r167
  ; LINE 9 [L→R]
  0x10 | TWIN     %r168
  0x0 | VSPACE   %r169
  0x14 | FRGATE   %r170
  0x18 | FISH     %r171
  0x20 | STAFF    %r172
  0x10 | TWIN     %r173
  0x0 | VSPACE   %r174
  0x14 | FRGATE   %r175
  0x20 | STAFF    %r176
  0x10 | TWIN     %r177
  0x30 | CYCLE    %r178
  0x14 | FRGATE   %r179
  0x20 | STAFF    %r180
  0x10 | TWIN     %r181
  0x6 | LINK     %r182
  0x10 | TWIN     %r183
  0x14 | FRGATE   %r184
  0x10 | TWIN     %r185
  0x0 | VSPACE   %r186
  0x14 | FRGATE   %r187
  0x20 | STAFF    %r188
  ; LINE 10 [R→L]
  0x6 | LINK     %r189
  0x30 | CYCLE    %r190
  0x10 | TWIN     %r191
  0x20 | STAFF    %r192
  0x14 | FRGATE   %r193
  0x0 | VSPACE   %r194
  0x1c | SPROUT   %r195
  0x2c | ONE      %r196
  0x10 | TWIN     %r197
  0x20 | STAFF    %r198
  0x14 | FRGATE   %r199
  0x0 | VSPACE   %r200
  0x10 | TWIN     %r201
  0x24 | GATE     %r202
  0x14 | FRGATE   %r203
  0xb | STAND    %r204
  0x10 | TWIN     %r205
  0x20 | STAFF    %r206
  0x14 | FRGATE   %r207
  0x30 | CYCLE    %r208
  0x10 | TWIN     %r209
  -> 210 registers, 10 lines

=== I SANTIAGO STAFF ===
  ; LINE 1 [L→R]
  0x10 | TWIN     %r0
  0x0 | VSPACE   %r1
  0x14 | FRGATE   %r2
  0x20 | STAFF    %r3
  0x10 | TWIN     %r4
  0x6 | LINK     %r5
  0x10 | TWIN     %r6
  0x14 | FRGATE   %r7
  0x0 | VSPACE   %r8
  0x14 | FRGATE   %r9
  0x20 | STAFF    %r10
  0x10 | TWIN     %r11
  0x30 | CYCLE    %r12
  0x14 | FRGATE   %r13
  0x20 | STAFF    %r14
  0x10 | TWIN     %r15
  0x0 | VSPACE   %r16
  0xb | STAND    %r17
  0x14 | FRGATE   %r18
  0x24 | GATE     %r19
  0x10 | TWIN     %r20
  ; LINE 2 [R→L]
  0x10 | TWIN     %r21
  0x20 | STAFF    %r22
  0x14 | FRGATE   %r23
  0x0 | VSPACE   %r24
  0x10 | TWIN     %r25
  0x14 | FRGATE   %r26
  0x10 | TWIN     %r27
  0x20 | STAFF    %r28
  0xb | STAND    %r29
  0x0 | VSPACE   %r30
  0x10 | TWIN     %r31
  0x20 | STAFF    %r32
  0x14 | FRGATE   %r33
  0x30 | CYCLE    %r34
  0x20 | STAFF    %r35
  0x6 | LINK     %r36
  0x10 | TWIN     %r37
  0x20 | STAFF    %r38
  0x14 | FRGATE   %r39
  0x0 | VSPACE   %r40
  0x10 | TWIN     %r41
  ; LINE 3 [L→R]
  0x10 | TWIN     %r42
  0x0 | VSPACE   %r43
  0x14 | FRGATE   %r44
  0x20 | STAFF    %r45
  0x10 | TWIN     %r46
  0x30 | CYCLE    %r47
  0x14 | FRGATE   %r48
  0x20 | STAFF    %r49
  0x10 | TWIN     %r50
  0x6 | LINK     %r51
  0x14 | FRGATE   %r52
  0x20 | STAFF    %r53
  0x24 | GATE     %r54
  0x10 | TWIN     %r55
  0x0 | VSPACE   %r56
  0x14 | FRGATE   %r57
  0x20 | STAFF    %r58
  0x1c | SPROUT   %r59
  0x10 | TWIN     %r60
  0x0 | VSPACE   %r61
  0xb | STAND    %r62
  ; LINE 4 [R→L]
  0x14 | FRGATE   %r63
  0x10 | TWIN     %r64
  0x6 | LINK     %r65
  0x10 | TWIN     %r66
  0x20 | STAFF    %r67
  0x14 | FRGATE   %r68
  0x0 | VSPACE   %r69
  0x10 | TWIN     %r70
  0x20 | STAFF    %r71
  0x14 | FRGATE   %r72
  0x30 | CYCLE    %r73
  0x10 | TWIN     %r74
  0x20 | STAFF    %r75
  0x14 | FRGATE   %r76
  0x18 | FISH     %r77
  0x0 | VSPACE   %r78
  0x10 | TWIN     %r79
  0x20 | STAFF    %r80
  0x14 | FRGATE   %r81
  0x30 | CYCLE    %r82
  0x10 | TWIN     %r83
  ; LINE 5 [L→R]
  0x10 | TWIN     %r84
  0x0 | VSPACE   %r85
  0x14 | FRGATE   %r86
  0x20 | STAFF    %r87
  0x10 | TWIN     %r88
  0x0 | VSPACE   %r89
  0x14 | FRGATE   %r90
  0x20 | STAFF    %r91
  0x10 | TWIN     %r92
  0x30 | CYCLE    %r93
  0x14 | FRGATE   %r94
  0x20 | STAFF    %r95
  0x10 | TWIN     %r96
  0xb | STAND    %r97
  0x14 | FRGATE   %r98
  0x24 | GATE     %r99
  0x10 | TWIN     %r100
  0x0 | VSPACE   %r101
  0x14 | FRGATE   %r102
  0x20 | STAFF    %r103
  0x10 | TWIN     %r104
  ; LINE 6 [R→L]
  0x10 | TWIN     %r105
  0x20 | STAFF    %r106
  0x14 | FRGATE   %r107
  0x0 | VSPACE   %r108
  0x10 | TWIN     %r109
  0x30 | CYCLE    %r110
  0x10 | TWIN     %r111
  0x20 | STAFF    %r112
  0x14 | FRGATE   %r113
  0x0 | VSPACE   %r114
  0x1c | SPROUT   %r115
  0x2c | ONE      %r116
  0x10 | TWIN     %r117
  0x20 | STAFF    %r118
  0x14 | FRGATE   %r119
  0x0 | VSPACE   %r120
  0x10 | TWIN     %r121
  0x20 | STAFF    %r122
  0x14 | FRGATE   %r123
  0x30 | CYCLE    %r124
  0x10 | TWIN     %r125
  ; LINE 7 [L→R]
  0x10 | TWIN     %r126
  0x0 | VSPACE   %r127
  0x14 | FRGATE   %r128
  0x20 | STAFF    %r129
  0x10 | TWIN     %r130
  0x6 | LINK     %r131
  0x10 | TWIN     %r132
  0x14 | FRGATE   %r133
  0x10 | TWIN     %r134
  0x0 | VSPACE   %r135
  0x14 | FRGATE   %r136
  0x20 | STAFF    %r137
  0x10 | TWIN     %r138
  0x30 | CYCLE    %r139
  0x14 | FRGATE   %r140
  0x20 | STAFF    %r141
  0x10 | TWIN     %r142
  0x0 | VSPACE   %r143
  0x14 | FRGATE   %r144
  0x20 | STAFF    %r145
  0x1c | SPROUT   %r146
  ; LINE 8 [R→L]
  0x14 | FRGATE   %r147
  0x10 | TWIN     %r148
  0x14 | FRGATE   %r149
  0xe | HAND     %r150
  0x30 | CYCLE    %r151
  0x10 | TWIN     %r152
  0x20 | STAFF    %r153
  0x14 | FRGATE   %r154
  0x6 | LINK     %r155
  0x10 | TWIN     %r156
  0x20 | STAFF    %r157
  0x14 | FRGATE   %r158
  0x0 | VSPACE   %r159
  0x10 | TWIN     %r160
  0x20 | STAFF    %r161
  0x14 | FRGATE   %r162
  0x30 | CYCLE    %r163
  0x10 | TWIN     %r164
  0xb | STAND    %r165
  0x0 | VSPACE   %r166
  0x10 | TWIN     %r167
  ; LINE 9 [L→R]
  0x10 | TWIN     %r168
  0x0 | VSPACE   %r169
  0x14 | FRGATE   %r170
  0x20 | STAFF    %r171
  0x10 | TWIN     %r172
  0x30 | CYCLE    %r173
  0x6 | LINK     %r174
  0x10 | TWIN     %r175
  0x14 | FRGATE   %r176
  0x10 | TWIN     %r177
  0x0 | VSPACE   %r178
  0x14 | FRGATE   %r179
  0x20 | STAFF    %r180
  0x10 | TWIN     %r181
  0x30 | CYCLE    %r182
  0x14 | FRGATE   %r183
  0x20 | STAFF    %r184
  0x10 | TWIN     %r185
  0xb | STAND    %r186
  0x14 | FRGATE   %r187
  0x24 | GATE     %r188
  ; LINE 10 [R→L]
  0x20 | STAFF    %r189
  0xe | HAND     %r190
  0x14 | FRGATE   %r191
  0x0 | VSPACE   %r192
  0x10 | TWIN     %r193
  0x20 | STAFF    %r194
  0x14 | FRGATE   %r195
  0x0 | VSPACE   %r196
  0x10 | TWIN     %r197
  0x20 | STAFF    %r198
  0x14 | FRGATE   %r199
  0x30 | CYCLE    %r200
  0x10 | TWIN     %r201
  0x20 | STAFF    %r202
  0x14 | FRGATE   %r203
  0x6 | LINK     %r204
  0x10 | TWIN     %r205
  0x20 | STAFF    %r206
  0x14 | FRGATE   %r207
  0x0 | VSPACE   %r208
  0x10 | TWIN     %r209
  ; LINE 11 [L→R]
  0x10 | TWIN     %r210
  0x30 | CYCLE    %r211
  0x14 | FRGATE   %r212
  0x20 | STAFF    %r213
  0x10 | TWIN     %r214
  0x0 | VSPACE   %r215
  0x14 | FRGATE   %r216
  0x20 | STAFF    %r217
  0x10 | TWIN     %r218
  0x6 | LINK     %r219
  0x10 | TWIN     %r220
  0x14 | FRGATE   %r221
  0x10 | TWIN     %r222
  0x0 | VSPACE   %r223
  0x14 | FRGATE   %r224
  0x20 | STAFF    %r225
  0x10 | TWIN     %r226
  0x2c | ONE      %r227
  0x1c | SPROUT   %r228
  0x0 | VSPACE   %r229
  0x33 | END      %r230
  -> 231 registers, 11 lines

=== K SMALL LONDON RECTO ===
  ; LINE 1 [L→R]
  0x10 | TWIN     %r0
  0x0 | VSPACE   %r1
  0x14 | FRGATE   %r2
  0x20 | STAFF    %r3
  0x10 | TWIN     %r4
  0x6 | LINK     %r5
  0x20 | STAFF    %r6
  0x30 | CYCLE    %r7
  0x14 | FRGATE   %r8
  0x20 | STAFF    %r9
  0x10 | TWIN     %r10
  0x0 | VSPACE   %r11
  0xb | STAND    %r12
  0x14 | FRGATE   %r13
  0x24 | GATE     %r14
  0x10 | TWIN     %r15
  0x0 | VSPACE   %r16
  0x14 | FRGATE   %r17
  0x20 | STAFF    %r18
  0x10 | TWIN     %r19
  0x0 | VSPACE   %r20
  ; LINE 2 [R→L]
  0xb | STAND    %r21
  0x0 | VSPACE   %r22
  0x10 | TWIN     %r23
  0x20 | STAFF    %r24
  0x14 | FRGATE   %r25
  0x30 | CYCLE    %r26
  0x10 | TWIN     %r27
  0x20 | STAFF    %r28
  0x14 | FRGATE   %r29
  0x0 | VSPACE   %r30
  0x10 | TWIN     %r31
  0x14 | FRGATE   %r32
  0x10 | TWIN     %r33
  0x6 | LINK     %r34
  0x10 | TWIN     %r35
  0x20 | STAFF    %r36
  0x14 | FRGATE   %r37
  0x30 | CYCLE    %r38
  0x10 | TWIN     %r39
  0x20 | STAFF    %r40
  0x14 | FRGATE   %r41
  ; LINE 3 [L→R]
  0x14 | FRGATE   %r42
  0x24 | GATE     %r43
  0x10 | TWIN     %r44
  0x0 | VSPACE   %r45
  0x14 | FRGATE   %r46
  0x20 | STAFF    %r47
  0x10 | TWIN     %r48
  0x6 | LINK     %r49
  0x14 | FRGATE   %r50
  0x20 | STAFF    %r51
  0x10 | TWIN     %r52
  0x30 | CYCLE    %r53
  0x14 | FRGATE   %r54
  0x20 | STAFF    %r55
  0x10 | TWIN     %r56
  0x0 | VSPACE   %r57
  0x14 | FRGATE   %r58
  0x20 | STAFF    %r59
  0x10 | TWIN     %r60
  0x0 | VSPACE   %r61
  0x14 | FRGATE   %r62
  ; LINE 4 [R→L]
  0x33 | END      %r63
  0x0 | VSPACE   %r64
  0x10 | TWIN     %r65
  0x14 | FRGATE   %r66
  0x10 | TWIN     %r67
  0x6 | LINK     %r68
  0x10 | TWIN     %r69
  0x20 | STAFF    %r70
  0x14 | FRGATE   %r71
  0x0 | VSPACE   %r72
  0x10 | TWIN     %r73
  0x24 | GATE     %r74
  0x14 | FRGATE   %r75
  0xb | STAND    %r76
  0x0 | VSPACE   %r77
  0x10 | TWIN     %r78
  0x20 | STAFF    %r79
  0x14 | FRGATE   %r80
  0x30 | CYCLE    %r81
  0x10 | TWIN     %r82
  0x20 | STAFF    %r83
  -> 84 registers, 4 lines

=== N SMALL VIENNA RECTO ===
  ; LINE 1 [L→R]
  0x10 | TWIN     %r0
  0x0 | VSPACE   %r1
  0x14 | FRGATE   %r2
  0x20 | STAFF    %r3
  0x10 | TWIN     %r4
  0x6 | LINK     %r5
  0x14 | FRGATE   %r6
  0x20 | STAFF    %r7
  0x10 | TWIN     %r8
  0x30 | CYCLE    %r9
  0x14 | FRGATE   %r10
  0x20 | STAFF    %r11
  0x10 | TWIN     %r12
  0x0 | VSPACE   %r13
  0xb | STAND    %r14
  0x14 | FRGATE   %r15
  0x24 | GATE     %r16
  0x10 | TWIN     %r17
  0x0 | VSPACE   %r18
  0x14 | FRGATE   %r19
  0x20 | STAFF    %r20
  ; LINE 2 [R→L]
  0x10 | TWIN     %r21
  0x30 | CYCLE    %r22
  0x10 | TWIN     %r23
  0x20 | STAFF    %r24
  0x14 | FRGATE   %r25
  0x0 | VSPACE   %r26
  0x1c | SPROUT   %r27
  0x2c | ONE      %r28
  0x10 | TWIN     %r29
  0x20 | STAFF    %r30
  0x14 | FRGATE   %r31
  0x0 | VSPACE   %r32
  0x10 | TWIN     %r33
  0x14 | FRGATE   %r34
  0x10 | TWIN     %r35
  0x6 | LINK     %r36
  0x10 | TWIN     %r37
  0x20 | STAFF    %r38
  0x14 | FRGATE   %r39
  0x30 | CYCLE    %r40
  0x10 | TWIN     %r41
  ; LINE 3 [L→R]
  0x10 | TWIN     %r42
  0x0 | VSPACE   %r43
  0x14 | FRGATE   %r44
  0x20 | STAFF    %r45
  0x10 | TWIN     %r46
  0x6 | LINK     %r47
  0x14 | FRGATE   %r48
  0x20 | STAFF    %r49
  0x10 | TWIN     %r50
  0x30 | CYCLE    %r51
  0x14 | FRGATE   %r52
  0x20 | STAFF    %r53
  0x10 | TWIN     %r54
  0xb | STAND    %r55
  0x14 | FRGATE   %r56
  0x24 | GATE     %r57
  0x10 | TWIN     %r58
  0x0 | VSPACE   %r59
  0x14 | FRGATE   %r60
  0x20 | STAFF    %r61
  0x10 | TWIN     %r62
  ; LINE 4 [R→L]
  0x33 | END      %r63
  0x14 | FRGATE   %r64
  0x30 | CYCLE    %r65
  0x10 | TWIN     %r66
  0x20 | STAFF    %r67
  0x14 | FRGATE   %r68
  0x0 | VSPACE   %r69
  0x10 | TWIN     %r70
  0x14 | FRGATE   %r71
  0x10 | TWIN     %r72
  0x6 | LINK     %r73
  0x10 | TWIN     %r74
  0x20 | STAFF    %r75
  0x14 | FRGATE   %r76
  0x0 | VSPACE   %r77
  0x10 | TWIN     %r78
  0x20 | STAFF    %r79
  0x14 | FRGATE   %r80
  0x30 | CYCLE    %r81
  0x10 | TWIN     %r82
  -> 83 registers, 4 lines

=== P LARGE STP RECTO ===
  ; LINE 1 [L→R]
  0x10 | TWIN     %r0
  0x0 | VSPACE   %r1
  0x14 | FRGATE   %r2
  0x20 | STAFF    %r3
  0x10 | TWIN     %r4
  0x6 | LINK     %r5
  0x10 | TWIN     %r6
  0x14 | FRGATE   %r7
  0x0 | VSPACE   %r8
  0x14 | FRGATE   %r9
  0x20 | STAFF    %r10
  0x10 | TWIN     %r11
  0x30 | CYCLE    %r12
  0x14 | FRGATE   %r13
  0x20 | STAFF    %r14
  0x10 | TWIN     %r15
  0x0 | VSPACE   %r16
  0xb | STAND    %r17
  0x14 | FRGATE   %r18
  0x24 | GATE     %r19
  0x10 | TWIN     %r20
  ; LINE 2 [R→L]
  0x10 | TWIN     %r21
  0x20 | STAFF    %r22
  0x14 | FRGATE   %r23
  0x0 | VSPACE   %r24
  0x10 | TWIN     %r25
  0x14 | FRGATE   %r26
  0x10 | TWIN     %r27
  0x20 | STAFF    %r28
  0xb | STAND    %r29
  0x0 | VSPACE   %r30
  0x10 | TWIN     %r31
  0x20 | STAFF    %r32
  0x14 | FRGATE   %r33
  0x30 | CYCLE    %r34
  0x20 | STAFF    %r35
  0x6 | LINK     %r36
  0x10 | TWIN     %r37
  0x20 | STAFF    %r38
  0x14 | FRGATE   %r39
  0x0 | VSPACE   %r40
  0x10 | TWIN     %r41
  ; LINE 3 [L→R]
  0x10 | TWIN     %r42
  0x0 | VSPACE   %r43
  0x14 | FRGATE   %r44
  0x20 | STAFF    %r45
  0x10 | TWIN     %r46
  0x30 | CYCLE    %r47
  0x14 | FRGATE   %r48
  0x20 | STAFF    %r49
  0x10 | TWIN     %r50
  0x6 | LINK     %r51
  0x14 | FRGATE   %r52
  0x20 | STAFF    %r53
  0x10 | TWIN     %r54
  0x0 | VSPACE   %r55
  0x14 | FRGATE   %r56
  0x20 | STAFF    %r57
  0x10 | TWIN     %r58
  0x2c | ONE      %r59
  0x1c | SPROUT   %r60
  0x0 | VSPACE   %r61
  0x14 | FRGATE   %r62
  ; LINE 4 [R→L]
  0x0 | VSPACE   %r63
  0x10 | TWIN     %r64
  0x24 | GATE     %r65
  0x14 | FRGATE   %r66
  0xb | STAND    %r67
  0x0 | VSPACE   %r68
  0x10 | TWIN     %r69
  0x20 | STAFF    %r70
  0x14 | FRGATE   %r71
  0x30 | CYCLE    %r72
  0x10 | TWIN     %r73
  0x20 | STAFF    %r74
  0x14 | FRGATE   %r75
  0x0 | VSPACE   %r76
  0x10 | TWIN     %r77
  0x14 | FRGATE   %r78
  0x10 | TWIN     %r79
  0x6 | LINK     %r80
  0x30 | CYCLE    %r81
  0x10 | TWIN     %r82
  0x20 | STAFF    %r83
  ; LINE 5 [L→R]
  0x10 | TWIN     %r84
  0x0 | VSPACE   %r85
  0x14 | FRGATE   %r86
  0x20 | STAFF    %r87
  0x10 | TWIN     %r88
  0x30 | CYCLE    %r89
  0x14 | FRGATE   %r90
  0x20 | STAFF    %r91
  0x10 | TWIN     %r92
  0x6 | LINK     %r93
  0x14 | FRGATE   %r94
  0x20 | STAFF    %r95
  0x10 | TWIN     %r96
  0x0 | VSPACE   %r97
  0x14 | FRGATE   %r98
  0x20 | STAFF    %r99
  0x10 | TWIN     %r100
  0x0 | VSPACE   %r101
  0x14 | FRGATE   %r102
  0xe | HAND     %r103
  0x20 | STAFF    %r104
  ; LINE 6 [R→L]
  0x14 | FRGATE   %r105
  0x10 | TWIN     %r106
  0x6 | LINK     %r107
  0x30 | CYCLE    %r108
  0x10 | TWIN     %r109
  0x20 | STAFF    %r110
  0x14 | FRGATE   %r111
  0x0 | VSPACE   %r112
  0x10 | TWIN     %r113
  0x20 | STAFF    %r114
  0x14 | FRGATE   %r115
  0x0 | VSPACE   %r116
  0x10 | TWIN     %r117
  0x24 | GATE     %r118
  0x14 | FRGATE   %r119
  0xb | STAND    %r120
  0x10 | TWIN     %r121
  0x20 | STAFF    %r122
  0x14 | FRGATE   %r123
  0x30 | CYCLE    %r124
  0x10 | TWIN     %r125
  ; LINE 7 [L→R]
  0x10 | TWIN     %r126
  0x0 | VSPACE   %r127
  0x14 | FRGATE   %r128
  0x20 | STAFF    %r129
  0x10 | TWIN     %r130
  0x30 | CYCLE    %r131
  0x14 | FRGATE   %r132
  0x20 | STAFF    %r133
  0x10 | TWIN     %r134
  0x0 | VSPACE   %r135
  0x14 | FRGATE   %r136
  0x20 | STAFF    %r137
  0x10 | TWIN     %r138
  0x6 | LINK     %r139
  0x10 | TWIN     %r140
  0x14 | FRGATE   %r141
  0x10 | TWIN     %r142
  0x0 | VSPACE   %r143
  0x14 | FRGATE   %r144
  0x20 | STAFF    %r145
  0x10 | TWIN     %r146
  ; LINE 8 [R→L]
  0x20 | STAFF    %r147
  0x10 | TWIN     %r148
  0x30 | CYCLE    %r149
  0x10 | TWIN     %r150
  0x20 | STAFF    %r151
  0x14 | FRGATE   %r152
  0x6 | LINK     %r153
  0x10 | TWIN     %r154
  0x20 | STAFF    %r155
  0x14 | FRGATE   %r156
  0x0 | VSPACE   %r157
  0x10 | TWIN     %r158
  0x24 | GATE     %r159
  0x14 | FRGATE   %r160
  0xb | STAND    %r161
  0x0 | VSPACE   %r162
  0x10 | TWIN     %r163
  0x20 | STAFF    %r164
  0x14 | FRGATE   %r165
  0x30 | CYCLE    %r166
  0x10 | TWIN     %r167
  ; LINE 9 [L→R]
  0x10 | TWIN     %r168
  0x0 | VSPACE   %r169
  0x14 | FRGATE   %r170
  0x18 | FISH     %r171
  0x20 | STAFF    %r172
  0x10 | TWIN     %r173
  0x30 | CYCLE    %r174
  0x14 | FRGATE   %r175
  0x20 | STAFF    %r176
  0x10 | TWIN     %r177
  0x0 | VSPACE   %r178
  0x14 | FRGATE   %r179
  0x20 | STAFF    %r180
  0x10 | TWIN     %r181
  0x6 | LINK     %r182
  0x10 | TWIN     %r183
  0x14 | FRGATE   %r184
  0x10 | TWIN     %r185
  0x0 | VSPACE   %r186
  0x14 | FRGATE   %r187
  0x20 | STAFF    %r188
  ; LINE 10 [R→L]
  0x33 | END      %r189
  0x6 | LINK     %r190
  0x10 | TWIN     %r191
  0x20 | STAFF    %r192
  0x14 | FRGATE   %r193
  0x0 | VSPACE   %r194
  0x1c | SPROUT   %r195
  0x2c | ONE      %r196
  0x10 | TWIN     %r197
  0x20 | STAFF    %r198
  0x14 | FRGATE   %r199
  0x0 | VSPACE   %r200
  0x10 | TWIN     %r201
  0x24 | GATE     %r202
  0x14 | FRGATE   %r203
  0xb | STAND    %r204
  0x10 | TWIN     %r205
  0x20 | STAFF    %r206
  0x14 | FRGATE   %r207
  0x30 | CYCLE    %r208
  0x10 | TWIN     %r209
  -> 210 registers, 10 lines

=== Q SMALL STP RECTO ===
  ; LINE 1 [L→R]
  0x10 | TWIN     %r0
  0x0 | VSPACE   %r1
  0x14 | FRGATE   %r2
  0x20 | STAFF    %r3
  0x10 | TWIN     %r4
  0x6 | LINK     %r5
  0x20 | STAFF    %r6
  0x30 | CYCLE    %r7
  0x14 | FRGATE   %r8
  0x20 | STAFF    %r9
  0x10 | TWIN     %r10
  0x0 | VSPACE   %r11
  0xb | STAND    %r12
  0x14 | FRGATE   %r13
  0x24 | GATE     %r14
  0x10 | TWIN     %r15
  0x0 | VSPACE   %r16
  0x14 | FRGATE   %r17
  0x20 | STAFF    %r18
  0x10 | TWIN     %r19
  0x0 | VSPACE   %r20
  ; LINE 2 [R→L]
  0x10 | TWIN     %r21
  0x20 | STAFF    %r22
  0x14 | FRGATE   %r23
  0x0 | VSPACE   %r24
  0x1c | SPROUT   %r25
  0x2c | ONE      %r26
  0x10 | TWIN     %r27
  0x20 | STAFF    %r28
  0x14 | FRGATE   %r29
  0x0 | VSPACE   %r30
  0x10 | TWIN     %r31
  0x14 | FRGATE   %r32
  0x10 | TWIN     %r33
  0x6 | LINK     %r34
  0x10 | TWIN     %r35
  0x20 | STAFF    %r36
  0x14 | FRGATE   %r37
  0x30 | CYCLE    %r38
  0x10 | TWIN     %r39
  0x20 | STAFF    %r40
  0x14 | FRGATE   %r41
  ; LINE 3 [L→R]
  0x10 | TWIN     %r42
  0x0 | VSPACE   %r43
  0x14 | FRGATE   %r44
  0x20 | STAFF    %r45
  0x10 | TWIN     %r46
  0x30 | CYCLE    %r47
  0x14 | FRGATE   %r48
  0x20 | STAFF    %r49
  0x10 | TWIN     %r50
  0x0 | VSPACE   %r51
  0x14 | FRGATE   %r52
  0x20 | STAFF    %r53
  0x10 | TWIN     %r54
  0x6 | LINK     %r55
  0x10 | TWIN     %r56
  0x14 | FRGATE   %r57
  0x10 | TWIN     %r58
  0x0 | VSPACE   %r59
  0x14 | FRGATE   %r60
  0x20 | STAFF    %r61
  0x10 | TWIN     %r62
  ; LINE 4 [R→L]
  0x20 | STAFF    %r63
  0x14 | FRGATE   %r64
  0x30 | CYCLE    %r65
  0x10 | TWIN     %r66
  0x20 | STAFF    %r67
  0x14 | FRGATE   %r68
  0x6 | LINK     %r69
  0x10 | TWIN     %r70
  0x20 | STAFF    %r71
  0x14 | FRGATE   %r72
  0x0 | VSPACE   %r73
  0x10 | TWIN     %r74
  0x24 | GATE     %r75
  0x14 | FRGATE   %r76
  0xb | STAND    %r77
  0x0 | VSPACE   %r78
  0x10 | TWIN     %r79
  0x20 | STAFF    %r80
  0x14 | FRGATE   %r81
  0x30 | CYCLE    %r82
  0x10 | TWIN     %r83
  ; LINE 5 [L→R]
  0x10 | TWIN     %r84
  0x0 | VSPACE   %r85
  0x14 | FRGATE   %r86
  0x20 | STAFF    %r87
  0x10 | TWIN     %r88
  0x30 | CYCLE    %r89
  0x14 | FRGATE   %r90
  0x20 | STAFF    %r91
  0x10 | TWIN     %r92
  0x0 | VSPACE   %r93
  0xb | STAND    %r94
  0x14 | FRGATE   %r95
  0x24 | GATE     %r96
  0x10 | TWIN     %r97
  0x0 | VSPACE   %r98
  0x14 | FRGATE   %r99
  0x20 | STAFF    %r100
  0x10 | TWIN     %r101
  0x6 | LINK     %r102
  0x10 | TWIN     %r103
  0x14 | FRGATE   %r104
  ; LINE 6 [R→L]
  0x33 | END      %r105
  0x0 | VSPACE   %r106
  0x1c | SPROUT   %r107
  0x2c | ONE      %r108
  0x10 | TWIN     %r109
  0x20 | STAFF    %r110
  0x14 | FRGATE   %r111
  0x0 | VSPACE   %r112
  0x10 | TWIN     %r113
  0x20 | STAFF    %r114
  0x14 | FRGATE   %r115
  0x6 | LINK     %r116
  0x10 | TWIN     %r117
  0x20 | STAFF    %r118
  0x14 | FRGATE   %r119
  0x30 | CYCLE    %r120
  0x10 | TWIN     %r121
  0x20 | STAFF    %r122
  0x14 | FRGATE   %r123
  0x0 | VSPACE   %r124
  0x10 | TWIN     %r125
  -> 126 registers, 6 lines

=== R SMALL WASHINGTON RECTO ===
  ; LINE 1 [L→R]
  0x10 | TWIN     %r0
  0x0 | VSPACE   %r1
  0x14 | FRGATE   %r2
  0x20 | STAFF    %r3
  0x10 | TWIN     %r4
  0x6 | LINK     %r5
  0x10 | TWIN     %r6
  0x14 | FRGATE   %r7
  0x0 | VSPACE   %r8
  0x14 | FRGATE   %r9
  0x20 | STAFF    %r10
  0x10 | TWIN     %r11
  0x30 | CYCLE    %r12
  0x14 | FRGATE   %r13
  0x20 | STAFF    %r14
  0x10 | TWIN     %r15
  0xb | STAND    %r16
  0x14 | FRGATE   %r17
  0x24 | GATE     %r18
  0x10 | TWIN     %r19
  0x0 | VSPACE   %r20
  ; LINE 2 [R→L]
  0x14 | FRGATE   %r21
  0x0 | VSPACE   %r22
  0x1c | SPROUT   %r23
  0x2c | ONE      %r24
  0x10 | TWIN     %r25
  0x20 | STAFF    %r26
  0x14 | FRGATE   %r27
  0x0 | VSPACE   %r28
  0x10 | TWIN     %r29
  0x14 | FRGATE   %r30
  0x10 | TWIN     %r31
  0x6 | LINK     %r32
  0x10 | TWIN     %r33
  0x20 | STAFF    %r34
  0x14 | FRGATE   %r35
  0x30 | CYCLE    %r36
  0x10 | TWIN     %r37
  0x20 | STAFF    %r38
  0x14 | FRGATE   %r39
  0x0 | VSPACE   %r40
  0x10 | TWIN     %r41
  ; LINE 3 [L→R]
  0x20 | STAFF    %r42
  0x10 | TWIN     %r43
  0x0 | VSPACE   %r44
  0x14 | FRGATE   %r45
  0x20 | STAFF    %r46
  0x10 | TWIN     %r47
  0x30 | CYCLE    %r48
  0x14 | FRGATE   %r49
  0x20 | STAFF    %r50
  0x10 | TWIN     %r51
  0x0 | VSPACE   %r52
  0xb | STAND    %r53
  0x14 | FRGATE   %r54
  0x24 | GATE     %r55
  0x10 | TWIN     %r56
  0x0 | VSPACE   %r57
  0x14 | FRGATE   %r58
  0x20 | STAFF    %r59
  0x10 | TWIN     %r60
  0x6 | LINK     %r61
  0x10 | TWIN     %r62
  ; LINE 4 [R→L]
  0x20 | STAFF    %r63
  0x14 | FRGATE   %r64
  0x0 | VSPACE   %r65
  0x10 | TWIN     %r66
  0x14 | FRGATE   %r67
  0x10 | TWIN     %r68
  0x6 | LINK     %r69
  0x10 | TWIN     %r70
  0x20 | STAFF    %r71
  0x2 | DSPACE   %r72
  0x0 | VSPACE   %r73
  0x10 | TWIN     %r74
  0x20 | STAFF    %r75
  0x14 | FRGATE   %r76
  0x30 | CYCLE    %r77
  0x10 | TWIN     %r78
  0x20 | STAFF    %r79
  0x14 | FRGATE   %r80
  0x0 | VSPACE   %r81
  0x10 | TWIN     %r82
  0x14 | FRGATE   %r83
  ; LINE 5 [L→R]
  0x10 | TWIN     %r84
  0x30 | CYCLE    %r85
  0x14 | FRGATE   %r86
  0x20 | STAFF    %r87
  0x10 | TWIN     %r88
  0xb | STAND    %r89
  0x14 | FRGATE   %r90
  0x24 | GATE     %r91
  0x10 | TWIN     %r92
  0x0 | VSPACE   %r93
  0x14 | FRGATE   %r94
  0x20 | STAFF    %r95
  0x10 | TWIN     %r96
  0x0 | VSPACE   %r97
  0x14 | FRGATE   %r98
  0x20 | STAFF    %r99
  0x10 | TWIN     %r100
  0x30 | CYCLE    %r101
  0x6 | LINK     %r102
  0x33 | END      %r103
  -> 104 registers, 5 lines

=== S LARGE WASHINGTON RECTO ===
  ; LINE 1 [L→R]
  0x10 | TWIN     %r0
  0x0 | VSPACE   %r1
  0x14 | FRGATE   %r2
  0x20 | STAFF    %r3
  0x10 | TWIN     %r4
  0x6 | LINK     %r5
  0x20 | STAFF    %r6
  0x30 | CYCLE    %r7
  0x14 | FRGATE   %r8
  0x20 | STAFF    %r9
  0x10 | TWIN     %r10
  0x0 | VSPACE   %r11
  0xb | STAND    %r12
  0x14 | FRGATE   %r13
  0x24 | GATE     %r14
  0x10 | TWIN     %r15
  0x0 | VSPACE   %r16
  0x14 | FRGATE   %r17
  0x20 | STAFF    %r18
  0x10 | TWIN     %r19
  0x0 | VSPACE   %r20
  ; LINE 2 [R→L]
  0x10 | TWIN     %r21
  0x20 | STAFF    %r22
  0x14 | FRGATE   %r23
  0x0 | VSPACE   %r24
  0x1c | SPROUT   %r25
  0x2c | ONE      %r26
  0x10 | TWIN     %r27
  0x20 | STAFF    %r28
  0x14 | FRGATE   %r29
  0x0 | VSPACE   %r30
  0x10 | TWIN     %r31
  0x14 | FRGATE   %r32
  0x10 | TWIN     %r33
  0x6 | LINK     %r34
  0x10 | TWIN     %r35
  0x20 | STAFF    %r36
  0x14 | FRGATE   %r37
  0x30 | CYCLE    %r38
  0x10 | TWIN     %r39
  0x20 | STAFF    %r40
  0x14 | FRGATE   %r41
  ; LINE 3 [L→R]
  0x10 | TWIN     %r42
  0x0 | VSPACE   %r43
  0x14 | FRGATE   %r44
  0x20 | STAFF    %r45
  0x10 | TWIN     %r46
  0x30 | CYCLE    %r47
  0x14 | FRGATE   %r48
  0x20 | STAFF    %r49
  0x10 | TWIN     %r50
  0x0 | VSPACE   %r51
  0x14 | FRGATE   %r52
  0x20 | STAFF    %r53
  0x10 | TWIN     %r54
  0x6 | LINK     %r55
  0x10 | TWIN     %r56
  0x14 | FRGATE   %r57
  0x10 | TWIN     %r58
  0x0 | VSPACE   %r59
  0x14 | FRGATE   %r60
  0x20 | STAFF    %r61
  0x10 | TWIN     %r62
  ; LINE 4 [R→L]
  0x20 | STAFF    %r63
  0x14 | FRGATE   %r64
  0x30 | CYCLE    %r65
  0x10 | TWIN     %r66
  0x20 | STAFF    %r67
  0x14 | FRGATE   %r68
  0x6 | LINK     %r69
  0x10 | TWIN     %r70
  0x20 | STAFF    %r71
  0x14 | FRGATE   %r72
  0x0 | VSPACE   %r73
  0x10 | TWIN     %r74
  0x24 | GATE     %r75
  0x14 | FRGATE   %r76
  0xb | STAND    %r77
  0x0 | VSPACE   %r78
  0x10 | TWIN     %r79
  0x20 | STAFF    %r80
  0x14 | FRGATE   %r81
  0x30 | CYCLE    %r82
  0x10 | TWIN     %r83
  ; LINE 5 [L→R]
  0x10 | TWIN     %r84
  0x0 | VSPACE   %r85
  0x14 | FRGATE   %r86
  0x20 | STAFF    %r87
  0x10 | TWIN     %r88
  0x30 | CYCLE    %r89
  0x14 | FRGATE   %r90
  0x20 | STAFF    %r91
  0x10 | TWIN     %r92
  0x6 | LINK     %r93
  0x10 | TWIN     %r94
  0x14 | FRGATE   %r95
  0x10 | TWIN     %r96
  0x0 | VSPACE   %r97
  0x14 | FRGATE   %r98
  0x20 | STAFF    %r99
  0x10 | TWIN     %r100
  0x30 | CYCLE    %r101
  0x14 | FRGATE   %r102
  0x20 | STAFF    %r103
  0x10 | TWIN     %r104
  ; LINE 6 [R→L]
  0x10 | TWIN     %r105
  0x20 | STAFF    %r106
  0x14 | FRGATE   %r107
  0x6 | LINK     %r108
  0x10 | TWIN     %r109
  0x20 | STAFF    %r110
  0x14 | FRGATE   %r111
  0x0 | VSPACE   %r112
  0x10 | TWIN     %r113
  0x24 | GATE     %r114
  0x14 | FRGATE   %r115
  0xb | STAND    %r116
  0x10 | TWIN     %r117
  0x20 | STAFF    %r118
  0x14 | FRGATE   %r119
  0x30 | CYCLE    %r120
  0x10 | TWIN     %r121
  0x20 | STAFF    %r122
  0x14 | FRGATE   %r123
  0x0 | VSPACE   %r124
  0x10 | TWIN     %r125
  ; LINE 7 [L→R]
  0x10 | TWIN     %r126
  0x0 | VSPACE   %r127
  0x14 | FRGATE   %r128
  0x20 | STAFF    %r129
  0x10 | TWIN     %r130
  0x30 | CYCLE    %r131
  0x14 | FRGATE   %r132
  0x20 | STAFF    %r133
  0x10 | TWIN     %r134
  0x6 | LINK     %r135
  0x10 | TWIN     %r136
  0x14 | FRGATE   %r137
  0x10 | TWIN     %r138
  0x0 | VSPACE   %r139
  0x14 | FRGATE   %r140
  0x20 | STAFF    %r141
  0x10 | TWIN     %r142
  0x2c | ONE      %r143
  0x1c | SPROUT   %r144
  0x0 | VSPACE   %r145
  0x14 | FRGATE   %r146
  ; LINE 8 [R→L]
  0x33 | END      %r147
  0xb | STAND    %r148
  0x0 | VSPACE   %r149
  0x10 | TWIN     %r150
  0x20 | STAFF    %r151
  0x14 | FRGATE   %r152
  0x30 | CYCLE    %r153
  0x10 | TWIN     %r154
  0x20 | STAFF    %r155
  0x14 | FRGATE   %r156
  0x0 | VSPACE   %r157
  0x10 | TWIN     %r158
  0x14 | FRGATE   %r159
  0x10 | TWIN     %r160
  0x6 | LINK     %r161
  0x10 | TWIN     %r162
  0x20 | STAFF    %r163
  0x14 | FRGATE   %r164
  0x0 | VSPACE   %r165
  0x10 | TWIN     %r166
  0x20 | STAFF    %r167
  -> 168 registers, 8 lines


=== FAMILY COUNTS ===
  cardinality      40
  composition      497
  coupling         74
  criticality      58
  dimensionality   358
  fidelity         600
  kinetics         5
  parity           727
  stoichiometry    27
  topology         114
  winding          177

Total instructions: 2677
Total registers:    2677
Tablet count:       15
